2026-05-18 15:33:02: [Web UI] Found RAG module at: D:\Code\CRV2\CHiPS\04_embeddings_and_kg\scripts\rag_pipeline.py
2026-05-18 15:33:02: 
2026-05-18 15:33:07: [Web UI] Found RAG module at: D:\Code\CRV2\CHiPS\04_embeddings_and_kg\scripts\rag_pipeline.py
2026-05-18 15:33:26: [Web UI] Found RAG module at: D:\Code\CRV2\CHiPS\04_embeddings_and_kg\scripts\rag_pipeline.py
2026-05-18 15:33:32: [Web UI] Found RAG module at: D:\Code\CRV2\CHiPS\04_embeddings_and_kg\scripts\rag_pipeline.py
2026-05-18 15:35:22: [Web UI] Found RAG module at: D:\Code\CRV2\CHiPS\04_embeddings_and_kg\scripts\rag_pipeline.py
2026-05-18 15:37:04: [Web UI] Found RAG module at: D:\Code\CRV2\CHiPS\04_embeddings_and_kg\scripts\rag_pipeline.py
2026-05-18 15:37:45: Loading embedding model...
2026-05-18 15:38:08: Loading reranker model...
2026-05-18 15:38:11: Warning: Could not import RAG pipeline: [enforce fail at alloc_cpu.cpp:117] data. DefaultCPUAllocator: not enough memory: you tried to allocate 4194304 bytes.
2026-05-18 15:38:12: 
2026-05-18 15:38:12: ======================================================================
2026-05-18 15:38:16: [Web UI] Found RAG module at: D:\Code\CRV2\CHiPS\04_embeddings_and_kg\scripts\rag_pipeline.py
2026-05-18 15:39:26: Loading embedding model...
2026-05-18 15:39:41: Loading reranker model...
2026-05-18 15:39:49: [Web UI] Found RAG module at: D:\Code\CRV2\CHiPS\04_embeddings_and_kg\scripts\rag_pipeline.py
2026-05-18 15:40:19: Loading embedding model...
2026-05-18 15:40:25: Loading reranker model...
2026-05-18 15:40:25: 
2026-05-18 15:40:28: Warning: Could not import RAG pipeline: 'charmap' codec can't encode character '\u26a0' in position 0: character maps to <undefined>
2026-05-18 15:40:28: 
2026-05-18 15:40:28: ======================================================================
2026-05-18 15:40:32: [Web UI] Found RAG module at: D:\Code\CRV2\CHiPS\04_embeddings_and_kg\scripts\rag_pipeline.py
2026-05-18 15:40:32: 
2026-05-18 15:41:05: Loading embedding model...
