2026-05-12 13:08:17: [db] Initialized SQLite at ./data/auth.db
2026-05-12 13:08:17: [email] Email service initialized
2026-05-12 13:08:17: [server] OTP authentication enabled
2026-05-12 13:08:17: 
2026-05-12 13:08:17: ═══════════════════════════════════════════════════════════
2026-05-12 13:08:17:   CHiPS-RAG  –  Selection & Auth Server
2026-05-12 13:08:17: ═══════════════════════════════════════════════════════════
2026-05-12 13:08:17:   URL     →  http://0.0.0.0:3000
2026-05-12 13:08:17:   Mode    →  development
2026-05-12 13:08:17:   OTP     →  Enabled
2026-05-12 13:08:17: ═══════════════════════════════════════════════════════════
2026-05-12 13:08:17: 
2026-05-12 13:08:27: [0mGET / [32m200[0m 7.407 ms - 682[0m
2026-05-12 13:08:27: [0mGET /init.js [32m200[0m 1.533 ms - 753[0m
2026-05-12 13:08:27: [0mGET /otp-auth.css [32m200[0m 3.244 ms - 6917[0m
2026-05-12 13:08:27: [0mGET /otp-auth.js [32m200[0m 3.037 ms - 20505[0m
2026-05-12 13:08:30: [otp-auth] Login successful: av07112004@gmail.com
2026-05-12 13:08:30: [0mPOST /otp-auth/login [32m200[0m 126.619 ms - 56[0m
2026-05-12 13:08:30: [0mGET /select [32m200[0m 1.673 ms - 6596[0m
2026-05-12 13:08:30: [0mGET /style.css [36m304[0m 1.259 ms - -[0m
2026-05-12 13:09:02: [0mPOST /select/launch [31m503[0m 30429.355 ms - 52[0m
2026-05-12 13:09:34: [0mPOST /select/launch [31m503[0m 30410.789 ms - 52[0m
2026-05-12 13:11:42: [0mPOST /select/launch [32m200[0m 19.434 ms - 58[0m
2026-05-12 13:12:21: [0mPOST /select/launch [32m200[0m 20.753 ms - 58[0m
2026-05-12 13:12:28: [0mGET /select [36m304[0m 1.584 ms - -[0m
2026-05-12 13:12:28: [0mGET /style.css [36m304[0m 0.572 ms - -[0m
2026-05-12 13:12:29: [0mGET /select [36m304[0m 0.964 ms - -[0m
2026-05-12 13:12:29: [0mGET /style.css [36m304[0m 0.673 ms - -[0m
2026-05-12 13:12:33: [0mPOST /select/launch [32m200[0m 18.876 ms - 58[0m
