2026-05-12 13:18:35: [db] Initialized SQLite at ./data/auth.db
2026-05-12 13:18:35: [email] Email service initialized
2026-05-12 13:18:35: [server] OTP authentication enabled
2026-05-12 13:18:35: 
2026-05-12 13:18:35: ═══════════════════════════════════════════════════════════
2026-05-12 13:18:35:   CHiPS-RAG  –  Selection & Auth Server
2026-05-12 13:18:35: ═══════════════════════════════════════════════════════════
2026-05-12 13:18:35:   URL     →  http://0.0.0.0:3000
2026-05-12 13:18:35:   Mode    →  development
2026-05-12 13:18:35:   OTP     →  Enabled
2026-05-12 13:18:35: ═══════════════════════════════════════════════════════════
2026-05-12 13:18:35: 
2026-05-12 13:18:43: [0mGET / [36m304[0m 3.824 ms - -[0m
2026-05-12 13:18:43: [0mGET /otp-auth.js [36m304[0m 1.651 ms - -[0m
2026-05-12 13:18:43: [0mGET /init.js [36m304[0m 0.763 ms - -[0m
2026-05-12 13:18:43: [0mGET /otp-auth.css [36m304[0m 1.039 ms - -[0m
2026-05-12 13:18:45: [otp-auth] Login successful: av07112004@gmail.com
2026-05-12 13:18:45: [0mPOST /otp-auth/login [32m200[0m 117.534 ms - 56[0m
2026-05-12 13:18:45: [0mGET /select [36m304[0m 2.155 ms - -[0m
2026-05-12 13:18:45: [0mGET /style.css [36m304[0m 0.897 ms - -[0m
2026-05-12 13:18:51: [0mPOST /select/launch [32m200[0m 4693.999 ms - 58[0m
2026-05-12 13:24:09: [db] Initialized SQLite at ./data/auth.db
2026-05-12 13:24:09: [email] Email service initialized
2026-05-12 13:24:09: [server] OTP authentication enabled
2026-05-12 13:24:09: 
2026-05-12 13:24:09: ═══════════════════════════════════════════════════════════
2026-05-12 13:24:09:   CHiPS-RAG  –  Selection & Auth Server
2026-05-12 13:24:09: ═══════════════════════════════════════════════════════════
2026-05-12 13:24:09:   URL     →  http://0.0.0.0:3000
2026-05-12 13:24:09:   Mode    →  development
2026-05-12 13:24:09:   OTP     →  Enabled
2026-05-12 13:24:09: ═══════════════════════════════════════════════════════════
2026-05-12 13:24:09: 
2026-05-12 13:24:27: [db] Initialized SQLite at ./data/auth.db
2026-05-12 13:24:27: [email] Email service initialized
2026-05-12 13:24:27: [server] OTP authentication enabled
2026-05-12 13:24:27: 
2026-05-12 13:24:27: ═══════════════════════════════════════════════════════════
2026-05-12 13:24:27:   CHiPS-RAG  –  Selection & Auth Server
2026-05-12 13:24:27: ═══════════════════════════════════════════════════════════
2026-05-12 13:24:27:   URL     →  http://0.0.0.0:3000
2026-05-12 13:24:27:   Mode    →  development
2026-05-12 13:24:27:   OTP     →  Enabled
2026-05-12 13:24:27: ═══════════════════════════════════════════════════════════
2026-05-12 13:24:27: 
2026-05-12 13:25:43: [0mGET / [36m304[0m 3.484 ms - -[0m
2026-05-12 13:25:43: [0mGET /otp-auth.js [36m304[0m 3.935 ms - -[0m
2026-05-12 13:25:43: [0mGET /init.js [36m304[0m 2.470 ms - -[0m
2026-05-12 13:25:43: [0mGET /otp-auth.css [36m304[0m 0.676 ms - -[0m
2026-05-12 13:25:46: [otp-auth] Login successful: av07112004@gmail.com
2026-05-12 13:25:46: [0mPOST /otp-auth/login [32m200[0m 115.898 ms - 56[0m
2026-05-12 13:25:46: [0mGET /select [36m304[0m 1.554 ms - -[0m
2026-05-12 13:25:46: [0mGET /style.css [36m304[0m 0.862 ms - -[0m
2026-05-12 13:25:47: [0mPOST /select/launch [32m200[0m 45.655 ms - 58[0m
2026-05-12 13:26:00: [0mPOST /select/launch [0m-[0m - ms - -[0m
2026-05-12 14:33:09: [db] Initialized SQLite at ./data/auth.db
2026-05-12 14:33:09: [email] Email service initialized
2026-05-12 14:33:09: [server] OTP authentication enabled
2026-05-12 14:33:09: 
2026-05-12 14:33:09: ═══════════════════════════════════════════════════════════
2026-05-12 14:33:09:   CHiPS-RAG  –  Selection & Auth Server
2026-05-12 14:33:09: ═══════════════════════════════════════════════════════════
2026-05-12 14:33:09:   URL     →  http://0.0.0.0:3000
2026-05-12 14:33:09:   Mode    →  development
2026-05-12 14:33:09:   OTP     →  Enabled
2026-05-12 14:33:09: ═══════════════════════════════════════════════════════════
2026-05-12 14:33:09: 
2026-05-12 14:33:31: [0mGET / [36m304[0m 3.851 ms - -[0m
2026-05-12 14:33:32: [0mGET /otp-auth.css [36m304[0m 6.393 ms - -[0m
2026-05-12 14:33:32: [0mGET /otp-auth.js [36m304[0m 4.216 ms - -[0m
2026-05-12 14:33:32: [0mGET /init.js [36m304[0m 2.044 ms - -[0m
2026-05-12 14:33:34: [otp-auth] Login successful: av07112004@gmail.com
2026-05-12 14:33:34: [0mPOST /otp-auth/login [32m200[0m 208.389 ms - 56[0m
2026-05-12 14:33:34: [0mGET /select [36m304[0m 1.303 ms - -[0m
2026-05-12 14:33:34: [0mGET /style.css [36m304[0m 0.838 ms - -[0m
2026-05-12 14:33:34: [0mPOST /select/launch [32m200[0m 45.624 ms - 58[0m
2026-05-12 14:34:10: [0mPOST /select/launch [32m200[0m 17.879 ms - 58[0m
2026-05-12 14:34:48: [0mGET /select [36m304[0m 0.848 ms - -[0m
2026-05-12 14:34:48: [0mGET /style.css [36m304[0m 1.174 ms - -[0m
2026-05-12 14:34:49: [0mPOST /select/launch [32m200[0m 17.984 ms - 58[0m
2026-05-12 15:25:38: [0mPOST /select/launch [32m200[0m 14.824 ms - 58[0m
2026-05-12 15:30:25: [otp-auth] Generated OTP for swati_garg@cgchips.in: 666573
2026-05-12 15:30:28: [email] OTP sent to swati_garg@cgchips.in
2026-05-12 15:30:28: [0mPOST /otp-auth/send-otp [32m200[0m 3525.007 ms - 51[0m
2026-05-12 15:30:50: [0mPOST /otp-auth/verify-otp [32m200[0m 4.250 ms - 127[0m
2026-05-12 15:31:09: [otp-auth] New user registered: swati_garg@cgchips.in
2026-05-12 15:31:09: [0mPOST /otp-auth/register [32m201[0m 191.400 ms - 68[0m
2026-05-12 15:31:51: [otp-auth] Login successful: swati_garg@cgchips.in
2026-05-12 15:31:51: [0mPOST /otp-auth/login [32m200[0m 166.432 ms - 57[0m
2026-05-12 15:31:51: [0mGET /select [36m304[0m 1.651 ms - -[0m
2026-05-12 15:31:51: [0mGET /style.css [36m304[0m 0.976 ms - -[0m
2026-05-12 15:33:08: [0mPOST /select/launch [32m200[0m 25.053 ms - 58[0m
2026-05-12 15:33:18: [0mPOST /select/launch [32m200[0m 19.513 ms - 58[0m
2026-05-12 16:42:22: [0mGET /select [36m304[0m 5.458 ms - -[0m
2026-05-12 16:42:22: [0mGET /style.css [36m304[0m 1.625 ms - -[0m
2026-05-12 16:43:28: [0mPOST /otp-auth/logout [32m200[0m 1.532 ms - 16[0m
2026-05-12 16:43:28: [0mGET / [36m304[0m 1.843 ms - -[0m
2026-05-12 16:43:28: [0mGET /otp-auth.js [36m304[0m 3.023 ms - -[0m
2026-05-12 16:43:28: [0mGET /init.js [36m304[0m 1.352 ms - -[0m
2026-05-12 16:43:28: [0mGET /otp-auth.css [36m304[0m 1.115 ms - -[0m
2026-05-12 16:46:58: [otp-auth] Login successful: av07112004@gmail.com
2026-05-12 16:46:58: [0mPOST /otp-auth/login [32m200[0m 199.361 ms - 56[0m
2026-05-12 16:46:58: [0mGET /select [36m304[0m 1.136 ms - -[0m
2026-05-12 16:46:58: [0mGET /style.css [36m304[0m 1.258 ms - -[0m
2026-05-12 16:47:15: [0mPOST /select/launch [32m200[0m 848.022 ms - 58[0m
2026-05-12 16:52:04: [0mGET /select [36m304[0m 3.265 ms - -[0m
2026-05-12 16:52:05: [0mGET /style.css [32m200[0m 4.934 ms - 18501[0m
2026-05-12 16:53:28: [db] Initialized SQLite at ./data/auth.db
2026-05-12 16:53:28: [email] Email service initialized
2026-05-12 16:53:28: [server] OTP authentication enabled
2026-05-12 16:53:28: 
2026-05-12 16:53:28: ═══════════════════════════════════════════════════════════
2026-05-12 16:53:28:   CHiPS-RAG  –  Selection & Auth Server
2026-05-12 16:53:28: ═══════════════════════════════════════════════════════════
2026-05-12 16:53:28:   URL     →  http://0.0.0.0:3000
2026-05-12 16:53:28:   Mode    →  development
2026-05-12 16:53:28:   OTP     →  Enabled
2026-05-12 16:53:28: ═══════════════════════════════════════════════════════════
2026-05-12 16:53:28: 
2026-05-12 16:53:37: [0mGET / [36m304[0m 5.037 ms - -[0m
2026-05-12 16:53:37: [0mGET /otp-auth.css [36m304[0m 4.984 ms - -[0m
2026-05-12 16:53:37: [0mGET /otp-auth.js [36m304[0m 15.131 ms - -[0m
2026-05-12 16:53:37: [0mGET /init.js [36m304[0m 1.782 ms - -[0m
2026-05-12 16:53:38: [0mGET / [36m304[0m 1.814 ms - -[0m
2026-05-12 16:53:38: [0mGET /otp-auth.css [36m304[0m 1.979 ms - -[0m
2026-05-12 16:53:38: [0mGET /otp-auth.js [36m304[0m 2.769 ms - -[0m
2026-05-12 16:53:38: [0mGET /init.js [36m304[0m 1.625 ms - -[0m
2026-05-12 16:54:40: [otp-auth] Login successful: av07112004@gmail.com
2026-05-12 16:54:40: [0mPOST /otp-auth/login [32m200[0m 265.037 ms - 56[0m
2026-05-12 16:54:40: [0mGET /select [36m304[0m 2.637 ms - -[0m
2026-05-12 16:54:41: [0mGET /style.css [32m200[0m 3.882 ms - 18501[0m
2026-05-12 16:55:17: [0mGET /select [36m304[0m 1.851 ms - -[0m
2026-05-12 16:55:17: [0mGET /style.css [36m304[0m 0.896 ms - -[0m
2026-05-12 16:55:27: [db] Initialized SQLite at ./data/auth.db
2026-05-12 16:55:27: [email] Email service initialized
2026-05-12 16:55:27: [server] OTP authentication enabled
2026-05-12 16:55:27: 
2026-05-12 16:55:27: ═══════════════════════════════════════════════════════════
2026-05-12 16:55:27:   CHiPS-RAG  –  Selection & Auth Server
2026-05-12 16:55:27: ═══════════════════════════════════════════════════════════
2026-05-12 16:55:27:   URL     →  http://0.0.0.0:3000
2026-05-12 16:55:27:   Mode    →  development
2026-05-12 16:55:27:   OTP     →  Enabled
2026-05-12 16:55:27: ═══════════════════════════════════════════════════════════
2026-05-12 16:55:27: 
2026-05-12 16:55:41: [0mGET /select [32m200[0m 2097.457 ms - 6596[0m
2026-05-12 16:55:41: [0mGET /style.css [36m304[0m 14.208 ms - -[0m
2026-05-12 16:56:42: [db] Initialized SQLite at ./data/auth.db
2026-05-12 16:56:42: [email] Email service initialized
2026-05-12 16:56:42: [server] OTP authentication enabled
2026-05-12 16:56:42: 
2026-05-12 16:56:42: ═══════════════════════════════════════════════════════════
2026-05-12 16:56:42:   CHiPS-RAG  –  Selection & Auth Server
2026-05-12 16:56:42: ═══════════════════════════════════════════════════════════
2026-05-12 16:56:42:   URL     →  http://0.0.0.0:3000
2026-05-12 16:56:42:   Mode    →  development
2026-05-12 16:56:42:   OTP     →  Enabled
2026-05-12 16:56:42: ═══════════════════════════════════════════════════════════
2026-05-12 16:56:42: 
2026-05-12 16:57:02: [db] Initialized SQLite at ./data/auth.db
2026-05-12 16:57:02: [db] Initialized SQLite at ./data/auth.db
2026-05-12 16:57:02: [email] Email service initialized
2026-05-12 16:57:02: [server] OTP authentication enabled
2026-05-12 16:57:02: 
2026-05-12 16:57:02: [email] Email service initialized
2026-05-12 16:57:02: [server] OTP authentication enabled
2026-05-12 16:57:02: ═══════════════════════════════════════════════════════════
2026-05-12 16:57:02:   CHiPS-RAG  –  Selection & Auth Server
2026-05-12 16:57:02: ═══════════════════════════════════════════════════════════
2026-05-12 16:57:02:   URL     →  http://0.0.0.0:3000
2026-05-12 16:57:02:   Mode    →  development
2026-05-12 16:57:02:   OTP     →  Enabled
2026-05-12 16:57:02: ═══════════════════════════════════════════════════════════
2026-05-12 16:57:02: 
2026-05-12 16:57:02: 
2026-05-12 16:57:02: ═══════════════════════════════════════════════════════════
2026-05-12 16:57:02:   CHiPS-RAG  –  Selection & Auth Server
2026-05-12 16:57:02: ═══════════════════════════════════════════════════════════
2026-05-12 16:57:02:   URL     →  http://0.0.0.0:3000
2026-05-12 16:57:02:   Mode    →  development
2026-05-12 16:57:02:   OTP     →  Enabled
2026-05-12 16:57:02: ═══════════════════════════════════════════════════════════
2026-05-12 16:57:02: 
2026-05-12 16:57:04: [0mGET /select [32m200[0m 9.418 ms - 6602[0m
2026-05-12 16:57:04: [0mGET /style.css [36m304[0m 2.615 ms - -[0m
2026-05-12 16:57:05: [0mGET /select [36m304[0m 2.016 ms - -[0m
2026-05-12 16:57:05: [0mGET /style.css [36m304[0m 1.242 ms - -[0m
2026-05-14 13:19:09: [db] Initialized SQLite at ./data/auth.db
2026-05-14 13:19:09: [email] Email service initialized
2026-05-14 13:19:09: [server] OTP authentication enabled
2026-05-14 13:19:09: 
2026-05-14 13:19:09: ═══════════════════════════════════════════════════════════
2026-05-14 13:19:09:   CHiPS-RAG  –  Selection & Auth Server
2026-05-14 13:19:09: ═══════════════════════════════════════════════════════════
2026-05-14 13:19:09:   URL     →  http://0.0.0.0:3000
2026-05-14 13:19:09:   Mode    →  development
2026-05-14 13:19:09:   OTP     →  Enabled
2026-05-14 13:19:09: ═══════════════════════════════════════════════════════════
2026-05-14 13:19:09: 
2026-05-14 13:19:24: [0mGET / [36m304[0m 5.652 ms - -[0m
2026-05-14 13:19:24: [0mGET /otp-auth.css [36m304[0m 3.165 ms - -[0m
2026-05-14 13:19:24: [0mGET /otp-auth.js [36m304[0m 3.047 ms - -[0m
2026-05-14 13:19:24: [0mGET /init.js [36m304[0m 1.729 ms - -[0m
2026-05-14 13:27:25: [db] Initialized SQLite at ./data/auth.db
2026-05-14 13:27:25: [email] Email service initialized
2026-05-14 13:27:25: [server] OTP authentication enabled
2026-05-14 13:27:25: 
2026-05-14 13:27:25: ═══════════════════════════════════════════════════════════
2026-05-14 13:27:25:   CHiPS-RAG  –  Selection & Auth Server
2026-05-14 13:27:25: ═══════════════════════════════════════════════════════════
2026-05-14 13:27:25:   URL     →  http://0.0.0.0:3000
2026-05-14 13:27:25:   Mode    →  development
2026-05-14 13:27:25:   OTP     →  Enabled
2026-05-14 13:27:25: ═══════════════════════════════════════════════════════════
2026-05-14 13:27:25: 
2026-05-14 13:27:31: [0mGET / [36m304[0m 5.363 ms - -[0m
2026-05-14 13:27:32: [0mGET /otp-auth.js [36m304[0m 2.339 ms - -[0m
2026-05-14 13:27:32: [0mGET /init.js [36m304[0m 2.598 ms - -[0m
2026-05-14 13:27:32: [0mGET /otp-auth.css [32m200[0m 3.587 ms - 6040[0m
2026-05-14 13:27:38: [otp-auth] Login successful: av07112004@gmail.com
2026-05-14 13:27:38: [0mPOST /otp-auth/login [32m200[0m 156.173 ms - 56[0m
2026-05-14 13:27:38: [0mGET /select [32m200[0m 2.529 ms - 6602[0m
2026-05-14 13:27:38: [0mGET /style.css [36m304[0m 1.035 ms - -[0m
2026-05-14 13:37:22: [db] Initialized SQLite at ./data/auth.db
2026-05-14 13:37:22: [email] Email service initialized
2026-05-14 13:37:22: [server] OTP authentication enabled
2026-05-14 13:37:22: 
2026-05-14 13:37:22: ═══════════════════════════════════════════════════════════
2026-05-14 13:37:22:   CHiPS-RAG  –  Selection & Auth Server
2026-05-14 13:37:22: ═══════════════════════════════════════════════════════════
2026-05-14 13:37:22:   URL     →  http://0.0.0.0:3000
2026-05-14 13:37:22:   Mode    →  development
2026-05-14 13:37:22:   OTP     →  Enabled
2026-05-14 13:37:22: ═══════════════════════════════════════════════════════════
2026-05-14 13:37:22: 
2026-05-14 13:37:29: [0mGET / [36m304[0m 3.369 ms - -[0m
2026-05-14 13:37:29: [0mGET /otp-auth.js [36m304[0m 1.665 ms - -[0m
2026-05-14 13:37:29: [0mGET /init.js [36m304[0m 1.207 ms - -[0m
2026-05-14 13:37:29: [0mGET /otp-auth.css [36m304[0m 0.976 ms - -[0m
2026-05-14 13:37:32: [otp-auth] Login successful: av07112004@gmail.com
2026-05-14 13:37:32: [0mPOST /otp-auth/login [32m200[0m 119.848 ms - 56[0m
2026-05-14 13:37:32: [0mGET /select [32m200[0m 1.437 ms - 7330[0m
2026-05-14 13:37:32: [0mGET /style.css [36m304[0m 0.835 ms - -[0m
2026-05-14 13:39:01: [db] Initialized SQLite at ./data/auth.db
2026-05-14 13:39:01: [email] Email service initialized
2026-05-14 13:39:01: [server] OTP authentication enabled
2026-05-14 13:39:01: 
2026-05-14 13:39:01: ═══════════════════════════════════════════════════════════
2026-05-14 13:39:01:   CHiPS-RAG  –  Selection & Auth Server
2026-05-14 13:39:01: ═══════════════════════════════════════════════════════════
2026-05-14 13:39:01:   URL     →  http://0.0.0.0:3000
2026-05-14 13:39:01:   Mode    →  development
2026-05-14 13:39:01:   OTP     →  Enabled
2026-05-14 13:39:01: ═══════════════════════════════════════════════════════════
2026-05-14 13:39:01: 
2026-05-14 13:39:06: [0mGET / [36m304[0m 3.229 ms - -[0m
2026-05-14 13:39:06: [0mGET /otp-auth.js [36m304[0m 2.228 ms - -[0m
2026-05-14 13:39:06: [0mGET /init.js [36m304[0m 3.459 ms - -[0m
2026-05-14 13:39:06: [0mGET /otp-auth.css [36m304[0m 1.956 ms - -[0m
2026-05-14 13:39:08: [otp-auth] Login successful: av07112004@gmail.com
2026-05-14 13:39:08: [0mPOST /otp-auth/login [32m200[0m 115.464 ms - 56[0m
2026-05-14 13:39:08: [0mGET /select [32m200[0m 2.320 ms - 10385[0m
2026-05-14 13:39:08: [0mGET /style.css [36m304[0m 1.193 ms - -[0m
2026-05-14 13:41:01: [db] Initialized SQLite at ./data/auth.db
2026-05-14 13:41:01: [email] Email service initialized
2026-05-14 13:41:01: [server] OTP authentication enabled
2026-05-14 13:41:01: 
2026-05-14 13:41:01: ═══════════════════════════════════════════════════════════
2026-05-14 13:41:01:   CHiPS-RAG  –  Selection & Auth Server
2026-05-14 13:41:01: ═══════════════════════════════════════════════════════════
2026-05-14 13:41:01:   URL     →  http://0.0.0.0:3000
2026-05-14 13:41:01:   Mode    →  development
2026-05-14 13:41:01:   OTP     →  Enabled
2026-05-14 13:41:01: ═══════════════════════════════════════════════════════════
2026-05-14 13:41:01: 
2026-05-14 13:41:06: [0mGET /select [32m200[0m 6.115 ms - 7767[0m
2026-05-14 13:41:06: [0mGET /style.css [36m304[0m 1.577 ms - -[0m
2026-05-14 13:41:07: [0mGET /select [36m304[0m 1.297 ms - -[0m
2026-05-14 13:41:07: [0mGET /style.css [36m304[0m 0.796 ms - -[0m
2026-05-14 13:41:07: [0mGET /select [36m304[0m 0.925 ms - -[0m
2026-05-14 13:41:07: [0mGET /style.css [36m304[0m 0.618 ms - -[0m
2026-05-14 13:48:23: [db] Initialized SQLite at ./data/auth.db
2026-05-14 13:48:23: [email] Email service initialized
2026-05-14 13:48:23: [server] OTP authentication enabled
2026-05-14 13:48:23: 
2026-05-14 13:48:23: ═══════════════════════════════════════════════════════════
2026-05-14 13:48:23:   CHiPS-RAG  –  Selection & Auth Server
2026-05-14 13:48:23: ═══════════════════════════════════════════════════════════
2026-05-14 13:48:23:   URL     →  http://0.0.0.0:3000
2026-05-14 13:48:23:   Mode    →  development
2026-05-14 13:48:23:   OTP     →  Enabled
2026-05-14 13:48:23: ═══════════════════════════════════════════════════════════
2026-05-14 13:48:23: 
2026-05-14 13:48:34: [0mGET /select [32m200[0m 6.471 ms - 10429[0m
2026-05-14 13:49:00: [0mGET / [36m304[0m 1.932 ms - -[0m
2026-05-14 13:49:00: [0mGET /otp-auth.js [36m304[0m 1.492 ms - -[0m
2026-05-14 13:49:00: [0mGET /init.js [36m304[0m 1.979 ms - -[0m
2026-05-14 13:49:00: [0mGET /otp-auth.css [36m304[0m 0.868 ms - -[0m
2026-05-14 13:53:03: [db] Initialized SQLite at ./data/auth.db
2026-05-14 13:53:03: [email] Email service initialized
2026-05-14 13:53:03: [server] OTP authentication enabled
2026-05-14 13:53:03: 
2026-05-14 13:53:03: ═══════════════════════════════════════════════════════════
2026-05-14 13:53:03:   CHiPS-RAG  –  Selection & Auth Server
2026-05-14 13:53:03: ═══════════════════════════════════════════════════════════
2026-05-14 13:53:03:   URL     →  http://0.0.0.0:3000
2026-05-14 13:53:03:   Mode    →  development
2026-05-14 13:53:03:   OTP     →  Enabled
2026-05-14 13:53:03: ═══════════════════════════════════════════════════════════
2026-05-14 13:53:03: 
2026-05-14 13:53:09: [0mGET / [36m304[0m 3.587 ms - -[0m
2026-05-14 13:53:09: [0mGET /init.js [36m304[0m 3.417 ms - -[0m
2026-05-14 13:53:09: [0mGET /otp-auth.js [32m200[0m 8.055 ms - 23656[0m
2026-05-14 13:53:09: [0mGET /otp-auth.css [32m200[0m 7.336 ms - 8142[0m
2026-05-14 13:53:10: [0mGET / [36m304[0m 0.680 ms - -[0m
2026-05-14 13:53:10: [0mGET /otp-auth.css [36m304[0m 1.808 ms - -[0m
2026-05-14 13:53:10: [0mGET /otp-auth.js [36m304[0m 1.833 ms - -[0m
2026-05-14 13:53:10: [0mGET /init.js [36m304[0m 1.950 ms - -[0m
2026-05-14 13:53:24: [otp-auth] Login successful: av07112004@gmail.com
2026-05-14 13:53:24: [0mPOST /otp-auth/login [32m200[0m 117.658 ms - 56[0m
2026-05-14 13:53:24: [0mGET /select [36m304[0m 2.855 ms - -[0m
2026-05-14 13:53:46: [0mGET / [36m304[0m 0.887 ms - -[0m
2026-05-14 13:53:46: [0mGET /otp-auth.js [36m304[0m 1.751 ms - -[0m
2026-05-14 13:53:46: [0mGET /init.js [36m304[0m 3.278 ms - -[0m
2026-05-14 13:53:46: [0mGET /otp-auth.css [36m304[0m 1.758 ms - -[0m
2026-05-14 14:58:37: [0mGET / [36m304[0m 2.288 ms - -[0m
2026-05-14 14:58:37: [0mGET /otp-auth.js [36m304[0m 1.646 ms - -[0m
2026-05-14 14:58:37: [0mGET /init.js [36m304[0m 1.559 ms - -[0m
2026-05-14 14:58:37: [0mGET /otp-auth.css [36m304[0m 0.675 ms - -[0m
2026-05-14 16:34:43: [otp-auth] Login successful: av07112004@gmail.com
2026-05-14 16:34:43: [0mPOST /otp-auth/login [32m200[0m 90.910 ms - 56[0m
2026-05-14 16:34:43: [0mGET /select [36m304[0m 2.333 ms - -[0m
2026-05-18 12:03:34: [db] Initialized SQLite at ./data/auth.db
2026-05-18 12:03:34: [email] Email service initialized
2026-05-18 12:03:34: [server] OTP authentication enabled
2026-05-18 12:03:34: 
2026-05-18 12:03:34: ═══════════════════════════════════════════════════════════
2026-05-18 12:03:34:   CHiPS-RAG  –  Selection & Auth Server
2026-05-18 12:03:34: ═══════════════════════════════════════════════════════════
2026-05-18 12:03:34:   URL     →  http://0.0.0.0:3000
2026-05-18 12:03:34:   Mode    →  development
2026-05-18 12:03:34:   OTP     →  Enabled
2026-05-18 12:03:34: ═══════════════════════════════════════════════════════════
2026-05-18 12:03:34: 
2026-05-18 12:03:56: [0mGET / [36m304[0m 3.893 ms - -[0m
2026-05-18 12:03:56: [0mGET /otp-auth.css [36m304[0m 3.067 ms - -[0m
2026-05-18 12:03:56: [0mGET /otp-auth.js [36m304[0m 4.539 ms - -[0m
2026-05-18 12:03:56: [0mGET /init.js [36m304[0m 2.027 ms - -[0m
2026-05-18 12:03:59: [otp-auth] Login successful: av07112004@gmail.com
2026-05-18 12:03:59: [0mPOST /otp-auth/login [32m200[0m 125.372 ms - 56[0m
2026-05-18 12:03:59: [0mGET /select [32m200[0m 1.728 ms - 12364[0m
2026-05-18 12:04:10: [0mPOST /select/launch [32m200[0m 547.882 ms - 58[0m
2026-05-18 12:04:14: [0mPOST /select/launch [32m200[0m 31.273 ms - 58[0m
2026-05-18 12:04:39: [0mGET /select [36m304[0m 0.977 ms - -[0m
2026-05-18 12:05:11: [db] Initialized SQLite at ./data/auth.db
2026-05-18 12:05:11: [email] Email service initialized
2026-05-18 12:05:11: [server] OTP authentication enabled
2026-05-18 12:05:11: 
2026-05-18 12:05:11: ═══════════════════════════════════════════════════════════
2026-05-18 12:05:11:   CHiPS-RAG  –  Selection & Auth Server
2026-05-18 12:05:11: ═══════════════════════════════════════════════════════════
2026-05-18 12:05:11:   URL     →  http://0.0.0.0:3000
2026-05-18 12:05:11:   Mode    →  development
2026-05-18 12:05:11:   OTP     →  Enabled
2026-05-18 12:05:11: ═══════════════════════════════════════════════════════════
2026-05-18 12:05:11: 
2026-05-18 12:05:31: [0mGET /select [36m304[0m 6.731 ms - -[0m
2026-05-18 12:05:32: [0mPOST /select/launch [32m200[0m 63.103 ms - 58[0m
2026-05-18 12:09:21: [0mGET /select [36m304[0m 0.971 ms - -[0m
2026-05-18 12:11:18: [0mPOST /select/launch [32m200[0m 27.279 ms - 58[0m
2026-05-18 12:25:37: [db] Initialized SQLite at ./data/auth.db
2026-05-18 12:25:37: [email] Email service initialized
2026-05-18 12:25:37: [server] OTP authentication enabled
2026-05-18 12:25:37: 
2026-05-18 12:25:37: ═══════════════════════════════════════════════════════════
2026-05-18 12:25:37:   CHiPS-RAG  –  Selection & Auth Server
2026-05-18 12:25:37: ═══════════════════════════════════════════════════════════
2026-05-18 12:25:37:   URL     →  http://0.0.0.0:3000
2026-05-18 12:25:37:   Mode    →  development
2026-05-18 12:25:37:   OTP     →  Enabled
2026-05-18 12:25:37: ═══════════════════════════════════════════════════════════
2026-05-18 12:25:37: 
2026-05-18 12:27:39: [db] Initialized SQLite at ./data/auth.db
2026-05-18 12:27:39: [email] Email service initialized
2026-05-18 12:27:39: [server] OTP authentication enabled
2026-05-18 12:27:39: 
2026-05-18 12:27:39: ═══════════════════════════════════════════════════════════
2026-05-18 12:27:39:   CHiPS-RAG  –  Selection & Auth Server
2026-05-18 12:27:39: ═══════════════════════════════════════════════════════════
2026-05-18 12:27:39:   URL     →  http://0.0.0.0:3000
2026-05-18 12:27:39:   Mode    →  development
2026-05-18 12:27:39:   OTP     →  Enabled
2026-05-18 12:27:39: ═══════════════════════════════════════════════════════════
2026-05-18 12:27:39: 
2026-05-18 12:27:53: [0mGET / [36m304[0m 4.764 ms - -[0m
2026-05-18 12:27:53: [0mGET /otp-auth.css [36m304[0m 2.616 ms - -[0m
2026-05-18 12:27:53: [0mGET /otp-auth.js [36m304[0m 3.893 ms - -[0m
2026-05-18 12:27:53: [0mGET /init.js [36m304[0m 1.626 ms - -[0m
2026-05-18 12:27:57: [otp-auth] Login successful: av07112004@gmail.com
2026-05-18 12:27:57: [0mPOST /otp-auth/login [32m200[0m 123.742 ms - 56[0m
2026-05-18 12:27:57: [0mGET /select [36m304[0m 1.863 ms - -[0m
2026-05-18 12:27:58: [0mPOST /select/launch [32m200[0m 42.435 ms - 58[0m
2026-05-18 12:28:11: [0mPOST /select/launch [32m200[0m 29.812 ms - 58[0m
2026-05-18 15:32:53: [db] Initialized SQLite at ./data/auth.db
2026-05-18 15:32:53: [email] Email service initialized
2026-05-18 15:32:53: [server] OTP authentication enabled
2026-05-18 15:32:53: 
2026-05-18 15:32:53: ═══════════════════════════════════════════════════════════
2026-05-18 15:32:53:   CHiPS-RAG  –  Selection & Auth Server
2026-05-18 15:32:53: ═══════════════════════════════════════════════════════════
2026-05-18 15:32:53:   URL     →  http://0.0.0.0:3000
2026-05-18 15:32:53:   Mode    →  development
2026-05-18 15:32:53:   OTP     →  Enabled
2026-05-18 15:32:53: ═══════════════════════════════════════════════════════════
2026-05-18 15:32:53: 
2026-05-18 15:33:02: [db] Initialized SQLite at ./data/auth.db
2026-05-18 15:33:02: [email] Email service initialized
2026-05-18 15:33:02: [server] OTP authentication enabled
2026-05-18 15:33:02: 
2026-05-18 15:33:02: ═══════════════════════════════════════════════════════════
2026-05-18 15:33:02:   CHiPS-RAG  –  Selection & Auth Server
2026-05-18 15:33:02: ═══════════════════════════════════════════════════════════
2026-05-18 15:33:02:   URL     →  http://0.0.0.0:3000
2026-05-18 15:33:02:   Mode    →  development
2026-05-18 15:33:02:   OTP     →  Enabled
2026-05-18 15:33:02: ═══════════════════════════════════════════════════════════
2026-05-18 15:33:02: 
2026-05-18 15:36:59: [db] Initialized SQLite at ./data/auth.db
2026-05-18 15:36:59: [email] Email service initialized
2026-05-18 15:36:59: [server] OTP authentication enabled
2026-05-18 15:36:59: 
2026-05-18 15:36:59: ═══════════════════════════════════════════════════════════
2026-05-18 15:36:59:   CHiPS-RAG  –  Selection & Auth Server
2026-05-18 15:36:59: ═══════════════════════════════════════════════════════════
2026-05-18 15:36:59:   URL     →  http://0.0.0.0:3000
2026-05-18 15:36:59:   Mode    →  development
2026-05-18 15:36:59:   OTP     →  Enabled
2026-05-18 15:36:59: ═══════════════════════════════════════════════════════════
2026-05-18 15:36:59: 
2026-05-18 15:43:21: [db] Initialized SQLite at ./data/auth.db
2026-05-18 15:43:21: [email] Email service initialized
2026-05-18 15:43:21: [server] OTP authentication enabled
2026-05-18 15:43:21: 
2026-05-18 15:43:21: ═══════════════════════════════════════════════════════════
2026-05-18 15:43:21:   CHiPS-RAG  –  Selection & Auth Server
2026-05-18 15:43:21: ═══════════════════════════════════════════════════════════
2026-05-18 15:43:21:   URL     →  http://0.0.0.0:3000
2026-05-18 15:43:21:   Mode    →  development
2026-05-18 15:43:21:   OTP     →  Enabled
2026-05-18 15:43:21: ═══════════════════════════════════════════════════════════
2026-05-18 15:43:21: 
2026-05-18 15:44:48: [db] Initialized SQLite at ./data/auth.db
2026-05-18 15:44:48: [email] Email service initialized
2026-05-18 15:44:48: [server] OTP authentication enabled
2026-05-18 15:44:48: 
2026-05-18 15:44:48: ═══════════════════════════════════════════════════════════
2026-05-18 15:44:48:   CHiPS-RAG  –  Selection & Auth Server
2026-05-18 15:44:48: ═══════════════════════════════════════════════════════════
2026-05-18 15:44:48:   URL     →  http://0.0.0.0:3000
2026-05-18 15:44:48:   Mode    →  development
2026-05-18 15:44:48:   OTP     →  Enabled
2026-05-18 15:44:48: ═══════════════════════════════════════════════════════════
2026-05-18 15:44:48: 
2026-05-18 15:50:04: [db] Initialized SQLite at ./data/auth.db
2026-05-18 15:50:04: [email] Email service initialized
2026-05-18 15:50:04: [server] OTP authentication enabled
2026-05-18 15:50:04: 
2026-05-18 15:50:04: ═══════════════════════════════════════════════════════════
2026-05-18 15:50:04:   CHiPS-RAG  –  Selection & Auth Server
2026-05-18 15:50:04: ═══════════════════════════════════════════════════════════
2026-05-18 15:50:04:   URL     →  http://0.0.0.0:3000
2026-05-18 15:50:04:   Mode    →  development
2026-05-18 15:50:04:   OTP     →  Enabled
2026-05-18 15:50:04: ═══════════════════════════════════════════════════════════
2026-05-18 15:50:04: 
2026-05-18 15:50:42: [0mGET / [36m304[0m 10.780 ms - -[0m
2026-05-18 15:50:42: [0mGET /otp-auth.css [36m304[0m 5.902 ms - -[0m
2026-05-18 15:50:42: [0mGET /otp-auth.js [36m304[0m 5.578 ms - -[0m
2026-05-18 15:50:42: [0mGET /init.js [36m304[0m 2.898 ms - -[0m
2026-05-18 15:50:52: [otp-auth] Login successful: av07112004@gmail.com
2026-05-18 15:50:53: [0mPOST /otp-auth/login [32m200[0m 6295.511 ms - 56[0m
2026-05-18 15:50:53: [0mGET /select [36m304[0m 187.974 ms - -[0m
2026-05-18 15:50:57: [0mPOST /select/launch [32m200[0m 1181.795 ms - 58[0m
2026-05-18 16:01:59: [db] Initialized SQLite at ./data/auth.db
2026-05-18 16:01:59: [email] Email service initialized
2026-05-18 16:01:59: [server] OTP authentication enabled
2026-05-18 16:01:59: 
2026-05-18 16:01:59: ═══════════════════════════════════════════════════════════
2026-05-18 16:01:59:   CHiPS-RAG  –  Selection & Auth Server
2026-05-18 16:01:59: ═══════════════════════════════════════════════════════════
2026-05-18 16:01:59:   URL     →  http://0.0.0.0:3000
2026-05-18 16:01:59:   Mode    →  development
2026-05-18 16:01:59:   OTP     →  Enabled
2026-05-18 16:01:59: ═══════════════════════════════════════════════════════════
2026-05-18 16:01:59: 
2026-05-18 16:07:32: [db] Initialized SQLite at ./data/auth.db
2026-05-18 16:07:32: [email] Email service initialized
2026-05-18 16:07:32: [server] OTP authentication enabled
2026-05-18 16:07:32: 
2026-05-18 16:07:32: ═══════════════════════════════════════════════════════════
2026-05-18 16:07:32:   CHiPS-RAG  –  Selection & Auth Server
2026-05-18 16:07:32: ═══════════════════════════════════════════════════════════
2026-05-18 16:07:32:   URL     →  http://0.0.0.0:3000
2026-05-18 16:07:32:   Mode    →  development
2026-05-18 16:07:32:   OTP     →  Enabled
2026-05-18 16:07:32: ═══════════════════════════════════════════════════════════
2026-05-18 16:07:32: 
2026-05-18 16:08:11: [0mGET / [36m304[0m 13.160 ms - -[0m
2026-05-18 16:08:11: [0mGET /otp-auth.js [36m304[0m 5.069 ms - -[0m
2026-05-18 16:08:11: [0mGET /init.js [36m304[0m 6.783 ms - -[0m
2026-05-18 16:08:11: [0mGET /otp-auth.css [36m304[0m 7.020 ms - -[0m
2026-05-18 16:08:15: [otp-auth] Login successful: av07112004@gmail.com
2026-05-18 16:08:16: [0mPOST /otp-auth/login [32m200[0m 1561.958 ms - 56[0m
2026-05-18 16:08:16: [0mGET /select [36m304[0m 18.004 ms - -[0m
2026-05-18 16:08:18: [0mPOST /select/launch [32m200[0m 462.142 ms - 58[0m
2026-05-18 16:08:30: [0mPOST /select/launch [32m200[0m 3382.597 ms - 58[0m
2026-05-18 16:08:38: [0mGET /select [36m304[0m 2.732 ms - -[0m
2026-05-18 16:08:40: [0mPOST /select/launch [32m200[0m 241.211 ms - 58[0m
2026-05-18 16:11:21: [db] Initialized SQLite at ./data/auth.db
2026-05-18 16:11:21: [email] Email service initialized
2026-05-18 16:11:21: [server] OTP authentication enabled
2026-05-18 16:11:21: 
2026-05-18 16:11:21: ═══════════════════════════════════════════════════════════
2026-05-18 16:11:21:   CHiPS-RAG  –  Selection & Auth Server
2026-05-18 16:11:21: ═══════════════════════════════════════════════════════════
2026-05-18 16:11:21:   URL     →  http://0.0.0.0:3000
2026-05-18 16:11:21:   Mode    →  development
2026-05-18 16:11:21:   OTP     →  Enabled
2026-05-18 16:11:21: ═══════════════════════════════════════════════════════════
2026-05-18 16:11:21: 
2026-05-18 16:11:37: [0mGET /health [32m200[0m 4.556 ms - 30[0m
2026-05-18 16:12:07: [db] Initialized SQLite at ./data/auth.db
2026-05-18 16:12:07: [email] Email service initialized
2026-05-18 16:12:07: [server] OTP authentication enabled
2026-05-18 16:12:07: 
2026-05-18 16:12:07: ═══════════════════════════════════════════════════════════
2026-05-18 16:12:07:   CHiPS-RAG  –  Selection & Auth Server
2026-05-18 16:12:07: ═══════════════════════════════════════════════════════════
2026-05-18 16:12:07:   URL     →  http://0.0.0.0:3000
2026-05-18 16:12:07:   Mode    →  development
2026-05-18 16:12:07:   OTP     →  Enabled
2026-05-18 16:12:07: ═══════════════════════════════════════════════════════════
2026-05-18 16:12:07: 
2026-05-18 16:12:43: [0mGET /health [32m200[0m 4.455 ms - 30[0m
2026-05-18 16:13:09: [db] Initialized SQLite at ./data/auth.db
2026-05-18 16:13:09: [email] Email service initialized
2026-05-18 16:13:09: [server] OTP authentication enabled
2026-05-18 16:13:09: 
2026-05-18 16:13:09: ═══════════════════════════════════════════════════════════
2026-05-18 16:13:09:   CHiPS-RAG  –  Selection & Auth Server
2026-05-18 16:13:09: ═══════════════════════════════════════════════════════════
2026-05-18 16:13:09:   URL     →  http://0.0.0.0:3000
2026-05-18 16:13:09:   Mode    →  development
2026-05-18 16:13:09:   OTP     →  Enabled
2026-05-18 16:13:09: ═══════════════════════════════════════════════════════════
2026-05-18 16:13:09: 
2026-05-18 16:14:00: [0mGET /health [32m200[0m 9.294 ms - 30[0m
2026-05-18 16:21:10: [db] Initialized SQLite at ./data/auth.db
2026-05-18 16:21:10: [email] Email service initialized
2026-05-18 16:21:10: [server] OTP authentication enabled
2026-05-18 16:21:10: 
2026-05-18 16:21:10: ═══════════════════════════════════════════════════════════
2026-05-18 16:21:10:   CHiPS-RAG  –  Selection & Auth Server
2026-05-18 16:21:10: ═══════════════════════════════════════════════════════════
2026-05-18 16:21:10:   URL     →  http://0.0.0.0:3000
2026-05-18 16:21:10:   Mode    →  development
2026-05-18 16:21:10:   OTP     →  Enabled
2026-05-18 16:21:10: ═══════════════════════════════════════════════════════════
2026-05-18 16:21:10: 
2026-05-18 16:21:19: [0mGET / [36m304[0m 4.449 ms - -[0m
2026-05-18 16:21:19: [0mGET /otp-auth.js [36m304[0m 2.264 ms - -[0m
2026-05-18 16:21:19: [0mGET /init.js [36m304[0m 1.436 ms - -[0m
2026-05-18 16:21:19: [0mGET /otp-auth.css [36m304[0m 1.473 ms - -[0m
2026-05-18 16:21:27: [otp-auth] Login successful: av07112004@gmail.com
2026-05-18 16:21:27: [0mPOST /otp-auth/login [32m200[0m 107.519 ms - 56[0m
2026-05-18 16:21:27: [0mGET /select [36m304[0m 1.536 ms - -[0m
2026-05-18 16:21:28: [0mPOST /select/launch [32m200[0m 51.680 ms - 58[0m
2026-05-19 13:09:51: [db] Initialized SQLite at ./data/auth.db
2026-05-19 13:09:51: [email] Email service initialized
2026-05-19 13:09:51: [server] OTP authentication enabled
2026-05-19 13:09:51: 
2026-05-19 13:09:51: ═══════════════════════════════════════════════════════════
2026-05-19 13:09:51:   CHiPS-RAG  –  Selection & Auth Server
2026-05-19 13:09:51: ═══════════════════════════════════════════════════════════
2026-05-19 13:09:51:   URL     →  http://0.0.0.0:3000
2026-05-19 13:09:51:   Mode    →  development
2026-05-19 13:09:51:   OTP     →  Enabled
2026-05-19 13:09:51: ═══════════════════════════════════════════════════════════
2026-05-19 13:09:51: 
2026-05-19 13:09:56: [0mGET / [36m304[0m 4.740 ms - -[0m
2026-05-19 13:09:56: [0mGET /otp-auth.css [36m304[0m 2.627 ms - -[0m
2026-05-19 13:09:56: [0mGET /otp-auth.js [36m304[0m 4.230 ms - -[0m
2026-05-19 13:09:56: [0mGET /init.js [36m304[0m 2.248 ms - -[0m
2026-05-19 13:09:59: [otp-auth] Login successful: av07112004@gmail.com
2026-05-19 13:09:59: [0mPOST /otp-auth/login [32m200[0m 122.859 ms - 56[0m
2026-05-19 13:09:59: [0mGET /select [36m304[0m 2.111 ms - -[0m
2026-05-19 13:10:01: [0mPOST /select/launch [32m200[0m 1070.088 ms - 58[0m
2026-05-19 13:10:06: [0mPOST /select/launch [32m200[0m 1060.617 ms - 58[0m
2026-05-19 13:10:11: [0mPOST /select/launch [32m200[0m 1050.450 ms - 58[0m
2026-05-19 13:10:32: [db] Initialized SQLite at ./data/auth.db
2026-05-19 13:10:32: [email] Email service initialized
2026-05-19 13:10:32: [server] OTP authentication enabled
2026-05-19 13:10:32: 
2026-05-19 13:10:32: ═══════════════════════════════════════════════════════════
2026-05-19 13:10:32:   CHiPS-RAG  –  Selection & Auth Server
2026-05-19 13:10:32: ═══════════════════════════════════════════════════════════
2026-05-19 13:10:32:   URL     →  http://0.0.0.0:3000
2026-05-19 13:10:32:   Mode    →  development
2026-05-19 13:10:32:   OTP     →  Enabled
2026-05-19 13:10:32: ═══════════════════════════════════════════════════════════
2026-05-19 13:10:32: 
2026-05-19 13:10:42: [0mGET / [36m304[0m 2.678 ms - -[0m
2026-05-19 13:10:42: [0mGET /otp-auth.css [36m304[0m 2.206 ms - -[0m
2026-05-19 13:10:42: [0mGET /otp-auth.js [36m304[0m 3.528 ms - -[0m
2026-05-19 13:10:42: [0mGET /init.js [36m304[0m 2.180 ms - -[0m
2026-05-19 13:10:45: [otp-auth] Login successful: av07112004@gmail.com
2026-05-19 13:10:45: [0mPOST /otp-auth/login [32m200[0m 113.910 ms - 56[0m
2026-05-19 13:10:45: [0mGET /select [36m304[0m 1.728 ms - -[0m
2026-05-19 13:10:46: [0mPOST /select/launch [32m200[0m 1078.655 ms - 58[0m
2026-05-19 13:10:51: [0mPOST /select/launch [32m200[0m 1043.422 ms - 58[0m
2026-05-19 13:14:12: [db] Initialized SQLite at ./data/auth.db
2026-05-19 13:14:12: [email] Email service initialized
2026-05-19 13:14:12: [server] OTP authentication enabled
2026-05-19 13:14:12: 
2026-05-19 13:14:12: ═══════════════════════════════════════════════════════════
2026-05-19 13:14:12:   CHiPS-RAG  –  Selection & Auth Server
2026-05-19 13:14:12: ═══════════════════════════════════════════════════════════
2026-05-19 13:14:12:   URL     →  http://0.0.0.0:3000
2026-05-19 13:14:12:   Mode    →  development
2026-05-19 13:14:12:   OTP     →  Enabled
2026-05-19 13:14:12: ═══════════════════════════════════════════════════════════
2026-05-19 13:14:12: 
2026-05-19 13:14:20: [0mGET / [36m304[0m 3.763 ms - -[0m
2026-05-19 13:14:20: [0mGET /otp-auth.js [36m304[0m 1.518 ms - -[0m
2026-05-19 13:14:20: [0mGET /init.js [36m304[0m 1.661 ms - -[0m
2026-05-19 13:14:20: [0mGET /otp-auth.css [36m304[0m 0.924 ms - -[0m
2026-05-19 13:14:24: [otp-auth] Login successful: av07112004@gmail.com
2026-05-19 13:14:24: [0mPOST /otp-auth/login [32m200[0m 117.134 ms - 56[0m
2026-05-19 13:14:24: [0mGET /select [36m304[0m 1.894 ms - -[0m
2026-05-19 13:14:30: [0mPOST /select/launch [32m200[0m 1069.738 ms - 58[0m
2026-05-19 13:16:24: [db] Initialized SQLite at ./data/auth.db
2026-05-19 13:16:24: [email] Email service initialized
2026-05-19 13:16:24: [server] OTP authentication enabled
2026-05-19 13:16:24: 
2026-05-19 13:16:24: ═══════════════════════════════════════════════════════════
2026-05-19 13:16:24:   CHiPS-RAG  –  Selection & Auth Server
2026-05-19 13:16:24: ═══════════════════════════════════════════════════════════
2026-05-19 13:16:24:   URL     →  http://0.0.0.0:3000
2026-05-19 13:16:24:   Mode    →  development
2026-05-19 13:16:24:   OTP     →  Enabled
2026-05-19 13:16:24: ═══════════════════════════════════════════════════════════
2026-05-19 13:16:24: 
2026-05-19 13:16:27: [0mGET / [36m304[0m 3.842 ms - -[0m
2026-05-19 13:16:27: [0mGET /otp-auth.js [36m304[0m 2.050 ms - -[0m
2026-05-19 13:16:27: [0mGET /init.js [36m304[0m 3.012 ms - -[0m
2026-05-19 13:16:27: [0mGET /otp-auth.css [36m304[0m 1.463 ms - -[0m
2026-05-19 13:16:29: [otp-auth] Login successful: av07112004@gmail.com
2026-05-19 13:16:29: [0mPOST /otp-auth/login [32m200[0m 108.892 ms - 56[0m
2026-05-19 13:16:29: [0mGET /select [36m304[0m 1.852 ms - -[0m
2026-05-19 13:16:31: [0mPOST /select/launch [32m200[0m 1076.074 ms - 58[0m
2026-05-19 13:18:50: [db] Initialized SQLite at ./data/auth.db
2026-05-19 13:18:50: [email] Email service initialized
2026-05-19 13:18:50: [server] OTP authentication enabled
2026-05-19 13:18:50: 
2026-05-19 13:18:50: ═══════════════════════════════════════════════════════════
2026-05-19 13:18:50:   CHiPS-RAG  –  Selection & Auth Server
2026-05-19 13:18:50: ═══════════════════════════════════════════════════════════
2026-05-19 13:18:50:   URL     →  http://0.0.0.0:3000
2026-05-19 13:18:50:   Mode    →  development
2026-05-19 13:18:50:   OTP     →  Enabled
2026-05-19 13:18:50: ═══════════════════════════════════════════════════════════
2026-05-19 13:18:50: 
2026-05-19 13:19:03: [0mGET / [36m304[0m 3.690 ms - -[0m
2026-05-19 13:19:03: [0mGET /otp-auth.js [36m304[0m 1.296 ms - -[0m
2026-05-19 13:19:03: [0mGET /init.js [36m304[0m 2.092 ms - -[0m
2026-05-19 13:19:03: [0mGET /otp-auth.css [36m304[0m 0.745 ms - -[0m
2026-05-19 13:19:05: [otp-auth] Login successful: av07112004@gmail.com
2026-05-19 13:19:05: [0mPOST /otp-auth/login [32m200[0m 114.401 ms - 56[0m
2026-05-19 13:19:05: [0mGET /select [36m304[0m 1.745 ms - -[0m
2026-05-19 13:19:07: [0mPOST /select/launch [32m200[0m 1069.677 ms - 58[0m
2026-05-19 13:20:41: [db] Initialized SQLite at ./data/auth.db
2026-05-19 13:20:41: [email] Email service initialized
2026-05-19 13:20:41: [server] OTP authentication enabled
2026-05-19 13:20:41: 
2026-05-19 13:20:41: ═══════════════════════════════════════════════════════════
2026-05-19 13:20:41:   CHiPS-RAG  –  Selection & Auth Server
2026-05-19 13:20:41: ═══════════════════════════════════════════════════════════
2026-05-19 13:20:41:   URL     →  http://0.0.0.0:3000
2026-05-19 13:20:41:   Mode    →  development
2026-05-19 13:20:41:   OTP     →  Enabled
2026-05-19 13:20:41: ═══════════════════════════════════════════════════════════
2026-05-19 13:20:41: 
2026-05-19 13:20:45: [0mGET / [36m304[0m 3.290 ms - -[0m
2026-05-19 13:20:45: [0mGET /otp-auth.js [36m304[0m 2.319 ms - -[0m
2026-05-19 13:20:45: [0mGET /init.js [36m304[0m 1.991 ms - -[0m
2026-05-19 13:20:45: [0mGET /otp-auth.css [36m304[0m 0.762 ms - -[0m
2026-05-19 13:20:47: [otp-auth] Login successful: av07112004@gmail.com
2026-05-19 13:20:47: [0mPOST /otp-auth/login [32m200[0m 116.918 ms - 56[0m
2026-05-19 13:20:47: [0mGET /select [36m304[0m 1.958 ms - -[0m
2026-05-19 13:20:49: [0mPOST /select/launch [32m200[0m 1080.777 ms - 58[0m
2026-05-19 13:22:54: [0mGET / [36m304[0m 1.020 ms - -[0m
2026-05-19 13:22:54: [0mGET /otp-auth.js [36m304[0m 1.843 ms - -[0m
2026-05-19 13:22:54: [0mGET /init.js [36m304[0m 3.180 ms - -[0m
2026-05-19 13:22:54: [0mGET /otp-auth.css [36m304[0m 1.795 ms - -[0m
2026-05-19 13:23:10: [otp-auth] Login successful: av07112004@gmail.com
2026-05-19 13:23:10: [0mPOST /otp-auth/login [32m200[0m 79.892 ms - 56[0m
2026-05-19 13:23:10: [0mGET /select [36m304[0m 1.568 ms - -[0m
2026-05-19 13:23:13: [0mPOST /select/launch [32m200[0m 1044.495 ms - 58[0m
2026-05-19 13:23:16: [0mPOST /select/launch [32m200[0m 1068.584 ms - 58[0m
2026-05-19 13:23:21: [0mGET /select [36m304[0m 0.886 ms - -[0m
2026-05-19 13:23:22: [0mPOST /select/launch [32m200[0m 0.636 ms - 58[0m
2026-05-19 13:28:12: [db] Initialized SQLite at ./data/auth.db
2026-05-19 13:28:12: [email] Email service initialized
2026-05-19 13:28:12: [server] OTP authentication enabled
2026-05-19 13:28:12: 
2026-05-19 13:28:12: ═══════════════════════════════════════════════════════════
2026-05-19 13:28:12:   CHiPS-RAG  –  Selection & Auth Server
2026-05-19 13:28:12: ═══════════════════════════════════════════════════════════
2026-05-19 13:28:12:   URL     →  http://0.0.0.0:3000
2026-05-19 13:28:12:   Mode    →  development
2026-05-19 13:28:12:   OTP     →  Enabled
2026-05-19 13:28:12: ═══════════════════════════════════════════════════════════
2026-05-19 13:28:12: 
2026-05-19 13:28:24: [0mGET / [36m304[0m 3.433 ms - -[0m
2026-05-19 13:28:24: [0mGET /otp-auth.js [36m304[0m 1.540 ms - -[0m
2026-05-19 13:28:24: [0mGET /init.js [36m304[0m 1.012 ms - -[0m
2026-05-19 13:28:24: [0mGET /otp-auth.css [36m304[0m 0.848 ms - -[0m
2026-05-19 13:28:27: [otp-auth] Login successful: av07112004@gmail.com
2026-05-19 13:28:27: [0mPOST /otp-auth/login [32m200[0m 116.293 ms - 56[0m
2026-05-19 13:28:27: [0mGET /select [36m304[0m 1.540 ms - -[0m
2026-05-19 13:28:29: [0mPOST /select/launch [32m200[0m 1080.203 ms - 58[0m
2026-05-19 13:34:23: [db] Initialized SQLite at ./data/auth.db
2026-05-19 13:34:23: [email] Email service initialized
2026-05-19 13:34:23: [server] OTP authentication enabled
2026-05-19 13:34:23: 
2026-05-19 13:34:23: ═══════════════════════════════════════════════════════════
2026-05-19 13:34:23:   CHiPS-RAG  –  Selection & Auth Server
2026-05-19 13:34:23: ═══════════════════════════════════════════════════════════
2026-05-19 13:34:23:   URL     →  http://0.0.0.0:3000
2026-05-19 13:34:23:   Mode    →  development
2026-05-19 13:34:23:   OTP     →  Enabled
2026-05-19 13:34:23: ═══════════════════════════════════════════════════════════
2026-05-19 13:34:23: 
2026-05-19 13:34:29: [0mGET / [36m304[0m 3.841 ms - -[0m
2026-05-19 13:34:29: [0mGET /otp-auth.js [36m304[0m 1.724 ms - -[0m
2026-05-19 13:34:29: [0mGET /init.js [36m304[0m 1.350 ms - -[0m
2026-05-19 13:34:29: [0mGET /otp-auth.css [36m304[0m 0.910 ms - -[0m
2026-05-19 13:34:32: [otp-auth] Login successful: av07112004@gmail.com
2026-05-19 13:34:32: [0mPOST /otp-auth/login [32m200[0m 116.184 ms - 56[0m
2026-05-19 13:34:32: [0mGET /select [36m304[0m 1.292 ms - -[0m
2026-05-19 13:34:35: [0mPOST /select/launch [32m200[0m 1071.948 ms - 58[0m
2026-05-20 11:52:47: [db] Initialized SQLite at ./data/auth.db
2026-05-20 11:52:47: [email] Email service initialized
2026-05-20 11:52:47: [server] OTP authentication enabled
2026-05-20 11:52:47: 
2026-05-20 11:52:47: ═══════════════════════════════════════════════════════════
2026-05-20 11:52:47:   CHiPS-RAG  –  Selection & Auth Server
2026-05-20 11:52:47: ═══════════════════════════════════════════════════════════
2026-05-20 11:52:47:   URL     →  http://0.0.0.0:3000
2026-05-20 11:52:47:   Mode    →  development
2026-05-20 11:52:47:   OTP     →  Enabled
2026-05-20 11:52:47: ═══════════════════════════════════════════════════════════
2026-05-20 11:52:47: 
2026-05-20 11:53:14: [db] Initialized SQLite at ./data/auth.db
2026-05-20 11:53:14: [email] Email service initialized
2026-05-20 11:53:14: [server] OTP authentication enabled
2026-05-20 11:53:14: 
2026-05-20 11:53:14: ═══════════════════════════════════════════════════════════
2026-05-20 11:53:14:   CHiPS-RAG  –  Selection & Auth Server
2026-05-20 11:53:14: ═══════════════════════════════════════════════════════════
2026-05-20 11:53:14:   URL     →  http://0.0.0.0:3000
2026-05-20 11:53:14:   Mode    →  development
2026-05-20 11:53:14:   OTP     →  Enabled
2026-05-20 11:53:14: ═══════════════════════════════════════════════════════════
2026-05-20 11:53:14: 
2026-05-20 11:53:25: [0mGET / [36m304[0m 4.572 ms - -[0m
2026-05-20 11:53:25: [0mGET /otp-auth.css [36m304[0m 3.478 ms - -[0m
2026-05-20 11:53:25: [0mGET /otp-auth.js [36m304[0m 4.678 ms - -[0m
2026-05-20 11:53:25: [0mGET /init.js [36m304[0m 1.914 ms - -[0m
2026-05-20 11:53:27: [otp-auth] Login successful: av07112004@gmail.com
2026-05-20 11:53:27: [0mPOST /otp-auth/login [32m200[0m 129.126 ms - 56[0m
2026-05-20 11:53:27: [0mGET /select [36m304[0m 2.033 ms - -[0m
2026-05-20 11:53:29: [0mPOST /select/launch [32m200[0m 1085.223 ms - 58[0m
2026-05-20 11:56:43: [db] Initialized SQLite at ./data/auth.db
2026-05-20 11:56:43: [email] Email service initialized
2026-05-20 11:56:43: [server] OTP authentication enabled
2026-05-20 11:56:43: [auto-launch] Launching pipeline: fg
2026-05-20 11:56:43: 
2026-05-20 11:56:43: ═══════════════════════════════════════════════════════════
2026-05-20 11:56:43:   CHiPS-RAG  –  Selection & Auth Server
2026-05-20 11:56:43: ═══════════════════════════════════════════════════════════
2026-05-20 11:56:43:   URL     →  http://0.0.0.0:3000
2026-05-20 11:56:43:   Mode    →  development
2026-05-20 11:56:43:   OTP     →  Enabled
2026-05-20 11:56:43: ═══════════════════════════════════════════════════════════
2026-05-20 11:56:43: 
2026-05-20 11:56:44: [auto-launch] Initializing pipeline via http://localhost:3002/api/init
2026-05-20 11:56:44: [auto-launch] Init response for fg: 502
2026-05-20 11:56:44: [auto-launch] Launching pipeline: fg2
2026-05-20 11:56:47: [auto-launch] Initializing pipeline via http://localhost:3003/api/init
2026-05-20 11:56:51: [0mGET / [36m304[0m 2.899 ms - -[0m
2026-05-20 11:56:51: [0mGET /otp-auth.js [36m304[0m 2.163 ms - -[0m
2026-05-20 11:56:51: [0mGET /init.js [36m304[0m 2.684 ms - -[0m
2026-05-20 11:56:51: [0mGET /otp-auth.css [36m304[0m 1.311 ms - -[0m
2026-05-20 11:56:53: [otp-auth] Login successful: av07112004@gmail.com
2026-05-20 11:56:53: [0mPOST /otp-auth/login [32m200[0m 118.397 ms - 56[0m
2026-05-20 11:56:53: [0mGET /select [36m304[0m 2.405 ms - -[0m
2026-05-20 11:56:54: [0mPOST /select/launch [32m200[0m 2.371 ms - 58[0m
2026-05-20 11:56:58: [auto-launch] Init response for fg2: 200
2026-05-20 11:57:25: [db] Initialized SQLite at ./data/auth.db
2026-05-20 11:57:25: [email] Email service initialized
2026-05-20 11:57:25: [server] OTP authentication enabled
2026-05-20 11:57:25: [auto-launch] Launching pipeline: fg
2026-05-20 11:57:25: 
2026-05-20 11:57:25: ═══════════════════════════════════════════════════════════
2026-05-20 11:57:25:   CHiPS-RAG  –  Selection & Auth Server
2026-05-20 11:57:25: ═══════════════════════════════════════════════════════════
2026-05-20 11:57:25:   URL     →  http://0.0.0.0:3000
2026-05-20 11:57:25:   Mode    →  development
2026-05-20 11:57:25:   OTP     →  Enabled
2026-05-20 11:57:25: ═══════════════════════════════════════════════════════════
2026-05-20 11:57:25: 
2026-05-20 11:57:26: [auto-launch] Initializing pipeline via http://localhost:3002/api/init
2026-05-20 11:57:38: [auto-launch] Init response for fg: 200
2026-05-20 11:57:38: [auto-launch] Launching pipeline: fg2
2026-05-20 11:57:40: [auto-launch] Initializing pipeline via http://localhost:3003/api/init
2026-05-20 11:57:49: [0mGET / [36m304[0m 3.278 ms - -[0m
2026-05-20 11:57:49: [0mGET /otp-auth.js [36m304[0m 3.203 ms - -[0m
2026-05-20 11:57:49: [0mGET /init.js [36m304[0m 3.088 ms - -[0m
2026-05-20 11:57:49: [0mGET /otp-auth.css [36m304[0m 0.759 ms - -[0m
2026-05-20 11:57:51: [otp-auth] Login successful: av07112004@gmail.com
2026-05-20 11:57:51: [0mPOST /otp-auth/login [32m200[0m 109.309 ms - 56[0m
2026-05-20 11:57:51: [auto-launch] Init response for fg2: 200
2026-05-20 11:57:51: [0mGET /select [36m304[0m 1.805 ms - -[0m
2026-05-20 11:57:52: [0mPOST /select/launch [32m200[0m 1.544 ms - 58[0m
2026-05-20 12:04:15: [db] Initialized SQLite at ./data/auth.db
2026-05-20 12:04:15: [email] Email service initialized
2026-05-20 12:04:15: [server] OTP authentication enabled
2026-05-20 12:04:15: [auto-launch] Launching pipeline: fg2
2026-05-20 12:04:15: 
2026-05-20 12:04:15: ═══════════════════════════════════════════════════════════
2026-05-20 12:04:15:   CHiPS-RAG  –  Selection & Auth Server
2026-05-20 12:04:15: ═══════════════════════════════════════════════════════════
2026-05-20 12:04:15:   URL     →  http://0.0.0.0:3000
2026-05-20 12:04:15:   Mode    →  development
2026-05-20 12:04:15:   OTP     →  Enabled
2026-05-20 12:04:15: ═══════════════════════════════════════════════════════════
2026-05-20 12:04:15: 
2026-05-20 12:04:16: [auto-launch] Initializing pipeline via http://localhost:3003/api/init
2026-05-20 12:04:16: [auto-launch] Init response for fg2: 502
2026-05-20 12:04:23: [0mGET / [36m304[0m 3.197 ms - -[0m
2026-05-20 12:04:23: [0mGET /otp-auth.js [36m304[0m 2.302 ms - -[0m
2026-05-20 12:04:23: [0mGET /init.js [36m304[0m 3.214 ms - -[0m
2026-05-20 12:04:23: [0mGET /otp-auth.css [36m304[0m 2.210 ms - -[0m
2026-05-20 12:04:25: [otp-auth] Login successful: av07112004@gmail.com
2026-05-20 12:04:25: [0mPOST /otp-auth/login [32m200[0m 116.491 ms - 56[0m
2026-05-20 12:04:25: [0mGET /select [36m304[0m 2.967 ms - -[0m
2026-05-20 12:04:28: [0mPOST /select/launch [32m200[0m 1056.149 ms - 58[0m
2026-05-20 12:12:42: [0mPOST /select/launch [32m200[0m 0.908 ms - 58[0m
2026-05-20 12:17:23: [db] Initialized SQLite at ./data/auth.db
2026-05-20 12:17:23: [email] Email service initialized
2026-05-20 12:17:23: [server] OTP authentication enabled
2026-05-20 12:17:23: [auto-launch] Launching pipeline: fg2
2026-05-20 12:17:23: 
2026-05-20 12:17:23: ═══════════════════════════════════════════════════════════
2026-05-20 12:17:23:   CHiPS-RAG  –  Selection & Auth Server
2026-05-20 12:17:23: ═══════════════════════════════════════════════════════════
2026-05-20 12:17:23:   URL     →  http://0.0.0.0:3000
2026-05-20 12:17:23:   Mode    →  development
2026-05-20 12:17:23:   OTP     →  Enabled
2026-05-20 12:17:23: ═══════════════════════════════════════════════════════════
2026-05-20 12:17:23: 
2026-05-20 12:17:24: [auto-launch] Initializing pipeline via http://localhost:3003/api/init
2026-05-20 12:17:28: [0mGET / [36m304[0m 3.550 ms - -[0m
2026-05-20 12:17:28: [0mGET /otp-auth.js [36m304[0m 2.492 ms - -[0m
2026-05-20 12:17:28: [0mGET /init.js [36m304[0m 5.057 ms - -[0m
2026-05-20 12:17:28: [0mGET /otp-auth.css [36m304[0m 1.862 ms - -[0m
2026-05-20 12:17:30: [otp-auth] Login successful: av07112004@gmail.com
2026-05-20 12:17:30: [0mPOST /otp-auth/login [32m200[0m 111.128 ms - 56[0m
2026-05-20 12:17:30: [0mGET /select [36m304[0m 1.867 ms - -[0m
2026-05-20 12:17:33: [0mPOST /select/launch [32m200[0m 1561.941 ms - 58[0m
2026-05-20 12:19:21: [auto-launch] Init response for fg2: 400
2026-05-20 12:21:15: [db] Initialized SQLite at ./data/auth.db
2026-05-20 12:21:15: [email] Email service initialized
2026-05-20 12:21:15: [server] OTP authentication enabled
2026-05-20 12:21:15: [auto-launch] Launching pipeline: fg2
2026-05-20 12:21:15: 
2026-05-20 12:21:15: ═══════════════════════════════════════════════════════════
2026-05-20 12:21:15:   CHiPS-RAG  –  Selection & Auth Server
2026-05-20 12:21:15: ═══════════════════════════════════════════════════════════
2026-05-20 12:21:15:   URL     →  http://0.0.0.0:3000
2026-05-20 12:21:15:   Mode    →  development
2026-05-20 12:21:15:   OTP     →  Enabled
2026-05-20 12:21:15: ═══════════════════════════════════════════════════════════
2026-05-20 12:21:15: 
2026-05-20 12:21:17: [auto-launch] Initializing pipeline via http://localhost:3003/api/init
2026-05-20 12:21:23: [auto-launch] Init response for fg2: 400
2026-05-20 12:26:56: [db] Initialized SQLite at ./data/auth.db
2026-05-20 12:26:56: [email] Email service initialized
2026-05-20 12:26:56: [server] OTP authentication enabled
2026-05-20 12:26:56: [auto-launch] Launching pipeline: fg2
2026-05-20 12:26:56: 
2026-05-20 12:26:56: ═══════════════════════════════════════════════════════════
2026-05-20 12:26:56:   CHiPS-RAG  –  Selection & Auth Server
2026-05-20 12:26:56: ═══════════════════════════════════════════════════════════
2026-05-20 12:26:56:   URL     →  http://0.0.0.0:3000
2026-05-20 12:26:56:   Mode    →  development
2026-05-20 12:26:56:   OTP     →  Enabled
2026-05-20 12:26:56: ═══════════════════════════════════════════════════════════
2026-05-20 12:26:56: 
2026-05-20 12:26:59: [auto-launch] Initializing pipeline via http://localhost:3003/api/init
2026-05-20 12:27:01: [0mGET / [36m304[0m 3.234 ms - -[0m
2026-05-20 12:27:01: [0mGET /otp-auth.js [36m304[0m 2.098 ms - -[0m
2026-05-20 12:27:01: [0mGET /init.js [36m304[0m 1.725 ms - -[0m
2026-05-20 12:27:01: [0mGET /otp-auth.css [36m304[0m 0.793 ms - -[0m
2026-05-20 12:27:10: [auto-launch] Init response for fg2: 400
2026-05-20 13:24:07: [db] Initialized SQLite at ./data/auth.db
2026-05-20 13:24:07: [email] Email service initialized
2026-05-20 13:24:07: [server] OTP authentication enabled
2026-05-20 13:24:07: [auto-launch] Launching pipeline: fg2
2026-05-20 13:24:07: 
2026-05-20 13:24:07: ═══════════════════════════════════════════════════════════
2026-05-20 13:24:07:   CHiPS-RAG  –  Selection & Auth Server
2026-05-20 13:24:07: ═══════════════════════════════════════════════════════════
2026-05-20 13:24:07:   URL     →  http://0.0.0.0:3000
2026-05-20 13:24:07:   Mode    →  development
2026-05-20 13:24:07:   OTP     →  Enabled
2026-05-20 13:24:07: ═══════════════════════════════════════════════════════════
2026-05-20 13:24:07: 
2026-05-20 13:24:13: [0mGET / [36m304[0m 5.136 ms - -[0m
2026-05-20 13:24:13: [0mGET /otp-auth.js [36m304[0m 3.076 ms - -[0m
2026-05-20 13:24:13: [0mGET /init.js [36m304[0m 3.939 ms - -[0m
2026-05-20 13:24:13: [0mGET /otp-auth.css [36m304[0m 2.659 ms - -[0m
2026-05-20 13:24:14: [auto-launch] Initializing pipeline via http://localhost:3003/api/init
2026-05-20 13:24:18: [otp-auth] Login successful: av07112004@gmail.com
2026-05-20 13:24:18: [0mPOST /otp-auth/login [32m200[0m 142.967 ms - 56[0m
2026-05-20 13:24:18: [0mGET /select [36m304[0m 2.178 ms - -[0m
2026-05-20 13:25:25: [auto-launch] Init response for fg2: 400
2026-05-20 13:27:19: [0mPOST /select/launch [31m503[0m 180422.822 ms - 57[0m
2026-05-20 13:28:46: [db] Initialized SQLite at ./data/auth.db
2026-05-20 13:28:46: [email] Email service initialized
2026-05-20 13:28:46: [server] OTP authentication enabled
2026-05-20 13:28:46: [auto-launch] Launching pipeline: fg2
2026-05-20 13:28:46: 
2026-05-20 13:28:46: ═══════════════════════════════════════════════════════════
2026-05-20 13:28:46:   CHiPS-RAG  –  Selection & Auth Server
2026-05-20 13:28:46: ═══════════════════════════════════════════════════════════
2026-05-20 13:28:46:   URL     →  http://0.0.0.0:3000
2026-05-20 13:28:46:   Mode    →  development
2026-05-20 13:28:46:   OTP     →  Enabled
2026-05-20 13:28:46: ═══════════════════════════════════════════════════════════
2026-05-20 13:28:46: 
2026-05-20 13:28:47: [auto-launch] Initializing pipeline via http://localhost:3003/api/init
2026-05-20 13:31:42: [0mPOST /select/launch [0m-[0m - ms - -[0m
2026-05-20 13:31:42: [0mGET /select [36m304[0m 5.020 ms - -[0m
2026-05-20 13:32:35: [0mPOST /select/launch [0m-[0m - ms - -[0m
2026-05-20 13:32:35: [0mGET /select [36m304[0m 1.063 ms - -[0m
2026-05-20 13:35:36: [0mPOST /select/launch [31m503[0m 180505.016 ms - 57[0m
2026-05-20 13:39:34: [0mPOST /select/launch [32m200[0m 9689.633 ms - 58[0m
2026-05-20 13:40:49: [db] Initialized SQLite at ./data/auth.db
2026-05-20 13:40:49: [email] Email service initialized
2026-05-20 13:40:49: [server] OTP authentication enabled
2026-05-20 13:40:49: [auto-launch] Launching pipeline: fg2
2026-05-20 13:40:49: 
2026-05-20 13:40:49: ═══════════════════════════════════════════════════════════
2026-05-20 13:40:49:   CHiPS-RAG  –  Selection & Auth Server
2026-05-20 13:40:49: ═══════════════════════════════════════════════════════════
2026-05-20 13:40:49:   URL     →  http://0.0.0.0:3000
2026-05-20 13:40:49:   Mode    →  development
2026-05-20 13:40:49:   OTP     →  Enabled
2026-05-20 13:40:49: ═══════════════════════════════════════════════════════════
2026-05-20 13:40:49: 
2026-05-20 13:40:51: [auto-launch] Initializing pipeline via http://localhost:3003/api/init
2026-05-20 13:40:54: [0mGET / [36m304[0m 2.764 ms - -[0m
2026-05-20 13:40:54: [0mGET /otp-auth.js [36m304[0m 2.533 ms - -[0m
2026-05-20 13:40:54: [0mGET /init.js [36m304[0m 3.755 ms - -[0m
2026-05-20 13:40:54: [0mGET /otp-auth.css [36m304[0m 2.349 ms - -[0m
2026-05-20 13:40:58: [otp-auth] Login successful: av07112004@gmail.com
2026-05-20 13:40:58: [0mPOST /otp-auth/login [32m200[0m 119.815 ms - 56[0m
2026-05-20 13:40:58: [0mGET /select [36m304[0m 2.316 ms - -[0m
2026-05-20 13:41:03: [auto-launch] Init response for fg2: 400
2026-05-20 13:41:08: [0mPOST /select/launch [32m200[0m 9749.231 ms - 58[0m
2026-05-20 13:44:51: [db] Initialized SQLite at ./data/auth.db
2026-05-20 13:44:51: [email] Email service initialized
2026-05-20 13:44:51: [server] OTP authentication enabled
2026-05-20 13:44:51: [auto-launch] Launching pipeline: fg2
2026-05-20 13:44:51: 
2026-05-20 13:44:51: ═══════════════════════════════════════════════════════════
2026-05-20 13:44:51:   CHiPS-RAG  –  Selection & Auth Server
2026-05-20 13:44:51: ═══════════════════════════════════════════════════════════
2026-05-20 13:44:51:   URL     →  http://0.0.0.0:3000
2026-05-20 13:44:51:   Mode    →  development
2026-05-20 13:44:51:   OTP     →  Enabled
2026-05-20 13:44:51: ═══════════════════════════════════════════════════════════
2026-05-20 13:44:51: 
2026-05-20 13:44:52: [auto-launch] Initializing pipeline via http://localhost:3003/api/init
2026-05-20 13:45:01: [auto-launch] Init response for fg2: 400
2026-05-20 13:45:06: [0mGET / [36m304[0m 4.483 ms - -[0m
2026-05-20 13:45:07: [0mGET /otp-auth.js [36m304[0m 3.062 ms - -[0m
2026-05-20 13:45:07: [0mGET /init.js [36m304[0m 2.802 ms - -[0m
2026-05-20 13:45:07: [0mGET /otp-auth.css [36m304[0m 1.607 ms - -[0m
2026-05-20 13:45:08: [otp-auth] Login successful: av07112004@gmail.com
2026-05-20 13:45:08: [0mPOST /otp-auth/login [32m200[0m 115.767 ms - 56[0m
2026-05-20 13:45:08: [0mGET /select [36m304[0m 1.826 ms - -[0m
2026-05-20 13:45:19: [0mPOST /select/launch [32m200[0m 10284.219 ms - 58[0m
2026-05-20 13:46:51: [0mPOST /select/launch [32m200[0m 1046.857 ms - 58[0m
2026-05-20 13:53:17: [db] Initialized SQLite at ./data/auth.db
2026-05-20 13:53:17: [email] Email service initialized
2026-05-20 13:53:17: [server] OTP authentication enabled
2026-05-20 13:53:17: [auto-launch] Launching pipeline: fg
2026-05-20 13:53:17: 
2026-05-20 13:53:17: ═══════════════════════════════════════════════════════════
2026-05-20 13:53:17:   CHiPS-RAG  –  Selection & Auth Server
2026-05-20 13:53:17: ═══════════════════════════════════════════════════════════
2026-05-20 13:53:17:   URL     →  http://0.0.0.0:3000
2026-05-20 13:53:17:   Mode    →  development
2026-05-20 13:53:17:   OTP     →  Enabled
2026-05-20 13:53:17: ═══════════════════════════════════════════════════════════
2026-05-20 13:53:17: 
2026-05-20 13:53:18: [auto-launch] Initializing pipeline via http://localhost:3002/api/init
2026-05-20 13:53:22: [0mGET /select [36m304[0m 5.354 ms - -[0m
2026-05-20 13:53:22: [0mGET /select [36m304[0m 1.230 ms - -[0m
2026-05-20 13:53:23: [0mPOST /select/launch [32m200[0m 22.294 ms - 58[0m
2026-05-20 13:53:31: [auto-launch] Init response for fg: 200
2026-05-20 13:53:31: [auto-launch] Launching pipeline: fg2
2026-05-20 13:53:33: [auto-launch] Initializing pipeline via http://localhost:3003/api/init
2026-05-20 13:53:44: [auto-launch] Init response for fg2: 200
2026-05-20 13:53:51: [0mPOST /select/launch [32m200[0m 1.514 ms - 58[0m
2026-05-20 13:54:47: [0mPOST /select/launch [32m200[0m 1.008 ms - 58[0m
2026-05-20 13:54:50: [0mPOST /select/launch [32m200[0m 0.838 ms - 58[0m
