2026-05-18 15:33:02: [Web UI] Found RAG module at: D:\Code\CRV2\FG\04_embeddings_and_kg\scripts\rag_pipeline.py
2026-05-18 15:33:08: [Web UI] Found RAG module at: D:\Code\CRV2\FG\04_embeddings_and_kg\scripts\rag_pipeline.py
2026-05-18 15:33:26: [Web UI] Found RAG module at: D:\Code\CRV2\FG\04_embeddings_and_kg\scripts\rag_pipeline.py
2026-05-18 15:33:32: [Web UI] Found RAG module at: D:\Code\CRV2\FG\04_embeddings_and_kg\scripts\rag_pipeline.py
2026-05-18 15:37:04: [Web UI] Found RAG module at: D:\Code\CRV2\FG\04_embeddings_and_kg\scripts\rag_pipeline.py
2026-05-18 15:37:45: Loading embedding model...
2026-05-18 15:38:08: Loading reranker model...
2026-05-18 15:38:12: [Web UI] Found RAG module at: D:\Code\CRV2\FG\04_embeddings_and_kg\scripts\rag_pipeline.py
2026-05-18 15:39:26: Loading embedding model...
2026-05-18 15:39:41: Loading reranker model...
2026-05-18 15:39:48: Warning: Could not import RAG pipeline: 'charmap' codec can't encode character '\u26a0' in position 0: character maps to <undefined>
2026-05-18 15:39:48: 
2026-05-18 15:39:48: ======================================================================
2026-05-18 15:39:52: [Web UI] Found RAG module at: D:\Code\CRV2\FG\04_embeddings_and_kg\scripts\rag_pipeline.py
2026-05-18 15:40:07: Loading embedding model...
2026-05-18 15:40:11: Loading reranker model...
2026-05-18 15:40:13: Warning: Could not import RAG pipeline: 'charmap' codec can't encode character '\u26a0' in position 0: character maps to <undefined>
2026-05-18 15:40:13: 
2026-05-18 15:40:13: ======================================================================
2026-05-18 15:40:16: [Web UI] Found RAG module at: D:\Code\CRV2\FG\04_embeddings_and_kg\scripts\rag_pipeline.py
2026-05-18 15:40:35: Loading embedding model...
2026-05-18 15:40:41: Loading reranker model...
2026-05-18 15:40:41: 
2026-05-18 15:40:44: Warning: Could not import RAG pipeline: 'charmap' codec can't encode character '\u26a0' in position 0: character maps to <undefined>
2026-05-18 15:40:44: 
2026-05-18 15:40:44: ======================================================================
2026-05-18 15:40:48: [Web UI] Found RAG module at: D:\Code\CRV2\FG\04_embeddings_and_kg\scripts\rag_pipeline.py
2026-05-18 15:41:10: Loading embedding model...
