node:events:502
      throw er; // Unhandled 'error' event
      ^

Error: listen EADDRINUSE: address already in use 0.0.0.0:3002
    at Server.setupListenHandle [as _listen2] (node:net:1908:16)
    at listenInCluster (node:net:1965:12)
    at doListen (node:net:2139:7)
    at process.processTicksAndRejections (node:internal/process/task_queues:83:21)
Emitted 'error' event on Server instance at:
    at emitErrorNT (node:net:1944:8)
    at process.processTicksAndRejections (node:internal/process/task_queues:82:21) {
  code: 'EADDRINUSE',
  errno: -4091,
  syscall: 'listen',
  address: '0.0.0.0',
  port: 3002
}

Node.js v20.20.2
[launcher] exited with code 1 (signal: null)
node:events:502
      throw er; // Unhandled 'error' event
      ^

Error: listen EADDRINUSE: address already in use 0.0.0.0:3002
    at Server.setupListenHandle [as _listen2] (node:net:1908:16)
    at listenInCluster (node:net:1965:12)
    at doListen (node:net:2139:7)
    at process.processTicksAndRejections (node:internal/process/task_queues:83:21)
Emitted 'error' event on Server instance at:
    at emitErrorNT (node:net:1944:8)
    at process.processTicksAndRejections (node:internal/process/task_queues:82:21) {
  code: 'EADDRINUSE',
  errno: -4091,
  syscall: 'listen',
  address: '0.0.0.0',
  port: 3002
}

Node.js v20.20.2
[launcher] exited with code 1 (signal: null)

═══════════════════════════════════════════════════════════
  CHiPS-RAG  –  Express UI Server
═══════════════════════════════════════════════════════════
  UI      →  http://0.0.0.0:3003
  Flask   →  http://localhost:5003  (proxied, JWT-guarded)
  Mode    →  development
═══════════════════════════════════════════════════════════

[0mGET /health [32m200[0m 5.202 ms - 7420[0m
[0mGET / [32m200[0m 1.327 ms - 7420[0m
[0mGET /style.css [32m200[0m 2.014 ms - 17896[0m
[0mGET /app.js [32m200[0m 2.284 ms - 18555[0m
[0mGET /favicon.ico [32m200[0m 1.768 ms - 7420[0m
node:events:502
      throw er; // Unhandled 'error' event
      ^

Error: listen EADDRINUSE: address already in use 0.0.0.0:3003
    at Server.setupListenHandle [as _listen2] (node:net:1908:16)
    at listenInCluster (node:net:1965:12)
    at doListen (node:net:2139:7)
    at process.processTicksAndRejections (node:internal/process/task_queues:83:21)
Emitted 'error' event on Server instance at:
    at emitErrorNT (node:net:1944:8)
    at process.processTicksAndRejections (node:internal/process/task_queues:82:21) {
  code: 'EADDRINUSE',
  errno: -4091,
  syscall: 'listen',
  address: '0.0.0.0',
  port: 3003
}

Node.js v20.20.2
[launcher] exited with code 1 (signal: null)
