2026-05-12 14:33:09: 
2026-05-12 14:33:09: ═══════════════════════════════════════════════════════════
2026-05-12 14:33:09:   CHiPS-RAG  –  Express UI Server
2026-05-12 14:33:09: ═══════════════════════════════════════════════════════════
2026-05-12 14:33:09:   UI      →  http://0.0.0.0:3001
2026-05-12 14:33:09:   Flask   →  http://localhost:5001  (proxied, JWT-guarded)
2026-05-12 14:33:09:   Mode    →  development
2026-05-12 14:33:09: ═══════════════════════════════════════════════════════════
2026-05-12 14:33:09: 
2026-05-12 14:33:34: [0mGET /health [32m200[0m 4.249 ms - 7420[0m
2026-05-12 14:33:34: [0mGET / [32m200[0m 1.624 ms - 7420[0m
2026-05-12 14:33:35: [0mGET /style.css [32m200[0m 3.802 ms - 17896[0m
2026-05-12 14:33:35: [0mGET /app.js [32m200[0m 4.524 ms - 18555[0m
2026-05-12 14:33:37: [0mPOST /auth/login [33m404[0m 1.016 ms - 150[0m
2026-05-12 14:33:51: [0mPOST /auth/login [33m404[0m 0.559 ms - 150[0m
2026-05-12 14:33:52: [0mPOST /auth/login [33m404[0m 0.290 ms - 150[0m
2026-05-12 14:33:54: [0mPOST /auth/login [33m404[0m 0.298 ms - 150[0m
2026-05-12 14:33:54: [0mPOST /auth/login [33m404[0m 0.366 ms - 150[0m
2026-05-12 14:33:54: [0mPOST /auth/login [33m404[0m 0.373 ms - 150[0m
2026-05-12 14:33:55: [0mPOST /auth/login [33m404[0m 0.240 ms - 150[0m
2026-05-12 14:33:58: [0mPOST /auth/login [33m404[0m 0.226 ms - 150[0m
2026-05-12 14:33:58: [0mPOST /auth/login [33m404[0m 0.283 ms - 150[0m
2026-05-12 14:33:58: [0mPOST /auth/login [33m404[0m 0.331 ms - 150[0m
2026-05-12 14:34:03: [0mPOST /auth/login [33m404[0m 0.263 ms - 150[0m
2026-05-12 14:34:05: [0mPOST /auth/login [33m404[0m 0.228 ms - 150[0m
2026-05-12 14:34:49: [0mGET /health [32m200[0m 1.567 ms - 7420[0m
2026-05-12 14:34:49: [0mGET / [36m304[0m 0.888 ms - -[0m
2026-05-12 14:34:49: [0mGET /app.js [36m304[0m 0.564 ms - -[0m
2026-05-12 14:34:49: [0mGET /style.css [36m304[0m 0.590 ms - -[0m
2026-05-12 14:35:39: [0mPOST /auth/login [33m404[0m 0.239 ms - 150[0m
2026-05-12 14:53:16: [0mPOST /auth/login [33m404[0m 0.614 ms - 150[0m
2026-05-12 15:25:38: [0mGET /health [32m200[0m 2.649 ms - 7420[0m
2026-05-12 15:25:38: [0mGET / [36m304[0m 0.748 ms - -[0m
2026-05-12 15:25:38: [0mGET /app.js [36m304[0m 0.770 ms - -[0m
2026-05-12 15:25:38: [0mGET /style.css [36m304[0m 0.607 ms - -[0m
2026-05-12 15:33:18: [0mGET /health [32m200[0m 2.304 ms - 7420[0m
2026-05-12 15:33:18: [0mGET / [36m304[0m 1.215 ms - -[0m
2026-05-12 15:33:18: [0mGET /app.js [36m304[0m 0.884 ms - -[0m
2026-05-12 15:33:18: [0mGET /style.css [36m304[0m 1.097 ms - -[0m
2026-05-12 16:47:15: [0mGET /health [32m200[0m 226.910 ms - 7420[0m
2026-05-12 16:47:15: [0mGET / [36m304[0m 14.074 ms - -[0m
2026-05-12 16:47:16: [0mGET /app.js [36m304[0m 5.792 ms - -[0m
2026-05-12 16:47:16: [0mGET /style.css [36m304[0m 2.857 ms - -[0m
2026-05-12 16:53:28: 
2026-05-12 16:53:28: ═══════════════════════════════════════════════════════════
2026-05-12 16:53:28:   CHiPS-RAG  –  Express UI Server
2026-05-12 16:53:28: ═══════════════════════════════════════════════════════════
2026-05-12 16:53:28:   UI      →  http://0.0.0.0:3001
2026-05-12 16:53:28:   Flask   →  http://localhost:5001  (proxied, JWT-guarded)
2026-05-12 16:53:28:   Mode    →  development
2026-05-12 16:53:28: ═══════════════════════════════════════════════════════════
2026-05-12 16:53:28: 
2026-05-12 16:55:27: 
2026-05-12 16:55:27: ═══════════════════════════════════════════════════════════
2026-05-12 16:55:27:   CHiPS-RAG  –  Express UI Server
2026-05-12 16:55:27: ═══════════════════════════════════════════════════════════
2026-05-12 16:55:27:   UI      →  http://0.0.0.0:3001
2026-05-12 16:55:27:   Flask   →  http://localhost:5001  (proxied, JWT-guarded)
2026-05-12 16:55:27:   Mode    →  development
2026-05-12 16:55:27: ═══════════════════════════════════════════════════════════
2026-05-12 16:55:27: 
2026-05-12 16:56:42: 
2026-05-12 16:56:42: ═══════════════════════════════════════════════════════════
2026-05-12 16:56:42:   CHiPS-RAG  –  Express UI Server
2026-05-12 16:56:42: ═══════════════════════════════════════════════════════════
2026-05-12 16:56:42:   UI      →  http://0.0.0.0:3001
2026-05-12 16:56:42:   Flask   →  http://localhost:5001  (proxied, JWT-guarded)
2026-05-12 16:56:42:   Mode    →  development
2026-05-12 16:56:42: ═══════════════════════════════════════════════════════════
2026-05-12 16:56:42: 
2026-05-12 16:57:02: 
2026-05-12 16:57:02: ═══════════════════════════════════════════════════════════
2026-05-12 16:57:02:   CHiPS-RAG  –  Express UI Server
2026-05-12 16:57:02: ═══════════════════════════════════════════════════════════
2026-05-12 16:57:02:   UI      →  http://0.0.0.0:3001
2026-05-12 16:57:02:   Flask   →  http://localhost:5001  (proxied, JWT-guarded)
2026-05-12 16:57:02:   Mode    →  development
2026-05-12 16:57:02: ═══════════════════════════════════════════════════════════
2026-05-12 16:57:02: 
2026-05-14 13:19:09: 
2026-05-14 13:19:09: ═══════════════════════════════════════════════════════════
2026-05-14 13:19:09:   CHiPS-RAG  –  Express UI Server
2026-05-14 13:19:09: ═══════════════════════════════════════════════════════════
2026-05-14 13:19:09:   UI      →  http://0.0.0.0:3001
2026-05-14 13:19:09:   Flask   →  http://localhost:5001  (proxied, JWT-guarded)
2026-05-14 13:19:09:   Mode    →  development
2026-05-14 13:19:09: ═══════════════════════════════════════════════════════════
2026-05-14 13:19:09: 
2026-05-14 13:27:26: 
2026-05-14 13:27:26: ═══════════════════════════════════════════════════════════
2026-05-14 13:27:26:   CHiPS-RAG  –  Express UI Server
2026-05-14 13:27:26: ═══════════════════════════════════════════════════════════
2026-05-14 13:27:26:   UI      →  http://0.0.0.0:3001
2026-05-14 13:27:26:   Flask   →  http://localhost:5001  (proxied, JWT-guarded)
2026-05-14 13:27:26:   Mode    →  development
2026-05-14 13:27:26: ═══════════════════════════════════════════════════════════
2026-05-14 13:27:26: 
2026-05-14 13:37:22: 
2026-05-14 13:37:22: ═══════════════════════════════════════════════════════════
2026-05-14 13:37:22:   CHiPS-RAG  –  Express UI Server
2026-05-14 13:37:22: ═══════════════════════════════════════════════════════════
2026-05-14 13:37:22:   UI      →  http://0.0.0.0:3001
2026-05-14 13:37:22:   Flask   →  http://localhost:5001  (proxied, JWT-guarded)
2026-05-14 13:37:22:   Mode    →  development
2026-05-14 13:37:22: ═══════════════════════════════════════════════════════════
2026-05-14 13:37:22: 
2026-05-14 13:39:01: 
2026-05-14 13:39:01: ═══════════════════════════════════════════════════════════
2026-05-14 13:39:01:   CHiPS-RAG  –  Express UI Server
2026-05-14 13:39:01: ═══════════════════════════════════════════════════════════
2026-05-14 13:39:01:   UI      →  http://0.0.0.0:3001
2026-05-14 13:39:01:   Flask   →  http://localhost:5001  (proxied, JWT-guarded)
2026-05-14 13:39:01:   Mode    →  development
2026-05-14 13:39:01: ═══════════════════════════════════════════════════════════
2026-05-14 13:39:01: 
2026-05-14 13:41:01: 
2026-05-14 13:41:01: ═══════════════════════════════════════════════════════════
2026-05-14 13:41:01:   CHiPS-RAG  –  Express UI Server
2026-05-14 13:41:01: ═══════════════════════════════════════════════════════════
2026-05-14 13:41:01:   UI      →  http://0.0.0.0:3001
2026-05-14 13:41:01:   Flask   →  http://localhost:5001  (proxied, JWT-guarded)
2026-05-14 13:41:01:   Mode    →  development
2026-05-14 13:41:01: ═══════════════════════════════════════════════════════════
2026-05-14 13:41:01: 
2026-05-14 13:48:23: 
2026-05-14 13:48:23: ═══════════════════════════════════════════════════════════
2026-05-14 13:48:23:   CHiPS-RAG  –  Express UI Server
2026-05-14 13:48:23: ═══════════════════════════════════════════════════════════
2026-05-14 13:48:23:   UI      →  http://0.0.0.0:3001
2026-05-14 13:48:23:   Flask   →  http://localhost:5001  (proxied, JWT-guarded)
2026-05-14 13:48:23:   Mode    →  development
2026-05-14 13:48:23: ═══════════════════════════════════════════════════════════
2026-05-14 13:48:23: 
2026-05-14 13:53:03: 
2026-05-14 13:53:03: ═══════════════════════════════════════════════════════════
2026-05-14 13:53:03:   CHiPS-RAG  –  Express UI Server
2026-05-14 13:53:03: ═══════════════════════════════════════════════════════════
2026-05-14 13:53:03:   UI      →  http://0.0.0.0:3001
2026-05-14 13:53:03:   Flask   →  http://localhost:5001  (proxied, JWT-guarded)
2026-05-14 13:53:03:   Mode    →  development
2026-05-14 13:53:03: ═══════════════════════════════════════════════════════════
2026-05-14 13:53:03: 
2026-05-18 12:03:34: 
2026-05-18 12:03:34: ═══════════════════════════════════════════════════════════
2026-05-18 12:03:34:   CHiPS-RAG  –  Express UI Server
2026-05-18 12:03:34: ═══════════════════════════════════════════════════════════
2026-05-18 12:03:34:   UI      →  http://0.0.0.0:3001
2026-05-18 12:03:34:   Flask   →  http://localhost:5001  (proxied, JWT-guarded)
2026-05-18 12:03:34:   Mode    →  development
2026-05-18 12:03:34: ═══════════════════════════════════════════════════════════
2026-05-18 12:03:34: 
2026-05-18 12:05:11: 
2026-05-18 12:05:11: ═══════════════════════════════════════════════════════════
2026-05-18 12:05:11:   CHiPS-RAG  –  Express UI Server
2026-05-18 12:05:11: ═══════════════════════════════════════════════════════════
2026-05-18 12:05:11:   UI      →  http://0.0.0.0:3001
2026-05-18 12:05:11:   Flask   →  http://localhost:5001  (proxied, JWT-guarded)
2026-05-18 12:05:11:   Mode    →  development
2026-05-18 12:05:11: ═══════════════════════════════════════════════════════════
2026-05-18 12:05:11: 
2026-05-18 12:11:18: [0mGET /health [32m200[0m 6.061 ms - 7420[0m
2026-05-18 12:11:18: [0mGET / [32m200[0m 2.305 ms - 7420[0m
2026-05-18 12:11:18: [0mGET /style.css [32m200[0m 3.053 ms - 17896[0m
2026-05-18 12:11:18: [0mGET /app.js [32m200[0m 2.490 ms - 18555[0m
2026-05-18 12:11:20: [0mPOST /auth/login [33m404[0m 1.703 ms - 150[0m
2026-05-18 12:27:39: 
2026-05-18 12:27:39: ═══════════════════════════════════════════════════════════
2026-05-18 12:27:39:   CHiPS-RAG  –  Express UI Server
2026-05-18 12:27:39: ═══════════════════════════════════════════════════════════
2026-05-18 12:27:39:   UI      →  http://0.0.0.0:3001
2026-05-18 12:27:39:   Flask   →  http://localhost:5001  (proxied, JWT-guarded)
2026-05-18 12:27:39:   Mode    →  development
2026-05-18 12:27:39: ═══════════════════════════════════════════════════════════
2026-05-18 12:27:39: 
2026-05-18 12:27:58: [0mGET /health [32m200[0m 5.905 ms - 7420[0m
2026-05-18 12:27:58: [0mGET / [36m304[0m 1.349 ms - -[0m
2026-05-18 12:27:58: [0mGET /app.js [36m304[0m 0.730 ms - -[0m
2026-05-18 12:27:58: [0mGET /style.css [36m304[0m 0.797 ms - -[0m
2026-05-18 12:28:06: [auth] Login successful: admin
2026-05-18 12:28:06: [0mPOST /auth/login [32m200[0m 100.040 ms - 232[0m
2026-05-18 12:28:06: [proxy] → GET http://localhost:5001/api/examples
2026-05-18 12:28:06: [proxy] → GET http://localhost:5001/api/health
2026-05-18 12:28:06: [0mGET /api/examples [31m502[0m 25.484 ms - 73[0m
2026-05-18 12:28:06: [0mGET /api/health [31m502[0m 9.621 ms - 73[0m
2026-05-18 12:28:08: [proxy] → POST http://localhost:5001/api/init
2026-05-18 12:28:08: [0mPOST /api/init [31m502[0m 4.326 ms - 73[0m
2026-05-18 12:28:08: [proxy] → POST http://localhost:5001/api/init
2026-05-18 12:28:08: [0mPOST /api/init [31m502[0m 3.823 ms - 73[0m
2026-05-18 12:28:08: [proxy] → POST http://localhost:5001/api/init
2026-05-18 12:28:08: [0mPOST /api/init [31m502[0m 4.923 ms - 73[0m
2026-05-18 12:28:09: [proxy] → POST http://localhost:5001/api/init
2026-05-18 12:28:09: [0mPOST /api/init [31m502[0m 4.340 ms - 73[0m
2026-05-18 12:28:09: [proxy] → POST http://localhost:5001/api/init
2026-05-18 12:28:09: [0mPOST /api/init [31m502[0m 4.638 ms - 73[0m
2026-05-18 12:28:09: [proxy] → POST http://localhost:5001/api/init
2026-05-18 12:28:09: [0mPOST /api/init [31m502[0m 6.043 ms - 73[0m
2026-05-18 12:28:09: [proxy] → POST http://localhost:5001/api/init
2026-05-18 12:28:09: [0mPOST /api/init [31m502[0m 4.425 ms - 73[0m
2026-05-18 12:28:09: [proxy] → POST http://localhost:5001/api/init
2026-05-18 12:28:09: [0mPOST /api/init [31m502[0m 5.757 ms - 73[0m
