2026-05-12 14:33:09: 
2026-05-12 14:33:09: ═══════════════════════════════════════════════════════════
2026-05-12 14:33:09:   CHiPS-RAG  –  Express UI Server
2026-05-12 14:33:09: ═══════════════════════════════════════════════════════════
2026-05-12 14:33:09:   UI      →  http://0.0.0.0:3002
2026-05-12 14:33:09:   Flask   →  http://localhost:5002  (proxied, JWT-guarded)
2026-05-12 14:33:09:   Mode    →  development
2026-05-12 14:33:09: ═══════════════════════════════════════════════════════════
2026-05-12 14:33:09: 
2026-05-12 14:34:10: [0mGET /health [32m200[0m 5.129 ms - 7420[0m
2026-05-12 14:34:10: [0mGET / [32m200[0m 2.227 ms - 7420[0m
2026-05-12 14:34:10: [0mGET /style.css [32m200[0m 2.039 ms - 17896[0m
2026-05-12 14:34:10: [0mGET /app.js [32m200[0m 2.537 ms - 18555[0m
2026-05-12 14:34:11: [0mPOST /auth/login [33m404[0m 0.991 ms - 150[0m
2026-05-12 14:34:25: [0mPOST /auth/login [33m404[0m 0.338 ms - 150[0m
2026-05-12 14:34:26: [0mPOST /auth/login [33m404[0m 0.314 ms - 150[0m
2026-05-12 14:34:27: [0mPOST /auth/login [33m404[0m 0.218 ms - 150[0m
2026-05-12 14:34:27: [0mPOST /auth/login [33m404[0m 0.343 ms - 150[0m
2026-05-12 14:34:28: [0mPOST /auth/login [33m404[0m 0.283 ms - 150[0m
2026-05-12 14:34:28: [0mPOST /auth/login [33m404[0m 0.302 ms - 150[0m
2026-05-12 14:34:28: [0mPOST /auth/login [33m404[0m 0.233 ms - 150[0m
2026-05-12 14:34:28: [0mPOST /auth/login [33m404[0m 0.239 ms - 150[0m
2026-05-12 14:34:38: [0mPOST /auth/login [33m404[0m 0.327 ms - 150[0m
2026-05-12 15:33:08: [0mGET /health [32m200[0m 4.123 ms - 7420[0m
2026-05-12 15:33:08: [0mGET / [36m304[0m 1.449 ms - -[0m
2026-05-12 15:33:08: [0mGET /app.js [36m304[0m 1.021 ms - -[0m
2026-05-12 15:33:08: [0mGET /style.css [36m304[0m 0.753 ms - -[0m
2026-05-12 16:53:29: 
2026-05-12 16:53:29: ═══════════════════════════════════════════════════════════
2026-05-12 16:53:29:   CHiPS-RAG  –  Express UI Server
2026-05-12 16:53:29: ═══════════════════════════════════════════════════════════
2026-05-12 16:53:29:   UI      →  http://0.0.0.0:3002
2026-05-12 16:53:29:   Flask   →  http://localhost:5002  (proxied, JWT-guarded)
2026-05-12 16:53:29:   Mode    →  development
2026-05-12 16:53:29: ═══════════════════════════════════════════════════════════
2026-05-12 16:53:29: 
2026-05-12 16:55:28: 
2026-05-12 16:55:28: ═══════════════════════════════════════════════════════════
2026-05-12 16:55:28:   CHiPS-RAG  –  Express UI Server
2026-05-12 16:55:28: ═══════════════════════════════════════════════════════════
2026-05-12 16:55:28:   UI      →  http://0.0.0.0:3002
2026-05-12 16:55:28:   Flask   →  http://localhost:5002  (proxied, JWT-guarded)
2026-05-12 16:55:28:   Mode    →  development
2026-05-12 16:55:28: ═══════════════════════════════════════════════════════════
2026-05-12 16:55:28: 
2026-05-12 16:56:42: 
2026-05-12 16:56:42: ═══════════════════════════════════════════════════════════
2026-05-12 16:56:42:   CHiPS-RAG  –  Express UI Server
2026-05-12 16:56:42: ═══════════════════════════════════════════════════════════
2026-05-12 16:56:42:   UI      →  http://0.0.0.0:3002
2026-05-12 16:56:42:   Flask   →  http://localhost:5002  (proxied, JWT-guarded)
2026-05-12 16:56:42:   Mode    →  development
2026-05-12 16:56:42: ═══════════════════════════════════════════════════════════
2026-05-12 16:56:42: 
2026-05-12 16:57:02: 
2026-05-12 16:57:02: ═══════════════════════════════════════════════════════════
2026-05-12 16:57:02:   CHiPS-RAG  –  Express UI Server
2026-05-12 16:57:02: ═══════════════════════════════════════════════════════════
2026-05-12 16:57:02:   UI      →  http://0.0.0.0:3002
2026-05-12 16:57:02:   Flask   →  http://localhost:5002  (proxied, JWT-guarded)
2026-05-12 16:57:02:   Mode    →  development
2026-05-12 16:57:02: ═══════════════════════════════════════════════════════════
2026-05-12 16:57:02: 
2026-05-14 13:19:09: 
2026-05-14 13:19:09: ═══════════════════════════════════════════════════════════
2026-05-14 13:19:09:   CHiPS-RAG  –  Express UI Server
2026-05-14 13:19:09: ═══════════════════════════════════════════════════════════
2026-05-14 13:19:09:   UI      →  http://0.0.0.0:3002
2026-05-14 13:19:09:   Flask   →  http://localhost:5002  (proxied, JWT-guarded)
2026-05-14 13:19:09:   Mode    →  development
2026-05-14 13:19:09: ═══════════════════════════════════════════════════════════
2026-05-14 13:19:09: 
2026-05-14 13:27:26: 
2026-05-14 13:27:26: ═══════════════════════════════════════════════════════════
2026-05-14 13:27:26:   CHiPS-RAG  –  Express UI Server
2026-05-14 13:27:26: ═══════════════════════════════════════════════════════════
2026-05-14 13:27:26:   UI      →  http://0.0.0.0:3002
2026-05-14 13:27:26:   Flask   →  http://localhost:5002  (proxied, JWT-guarded)
2026-05-14 13:27:26:   Mode    →  development
2026-05-14 13:27:26: ═══════════════════════════════════════════════════════════
2026-05-14 13:27:26: 
2026-05-14 13:37:23: 
2026-05-14 13:37:23: ═══════════════════════════════════════════════════════════
2026-05-14 13:37:23:   CHiPS-RAG  –  Express UI Server
2026-05-14 13:37:23: ═══════════════════════════════════════════════════════════
2026-05-14 13:37:23:   UI      →  http://0.0.0.0:3002
2026-05-14 13:37:23:   Flask   →  http://localhost:5002  (proxied, JWT-guarded)
2026-05-14 13:37:23:   Mode    →  development
2026-05-14 13:37:23: ═══════════════════════════════════════════════════════════
2026-05-14 13:37:23: 
2026-05-14 13:39:02: 
2026-05-14 13:39:02: ═══════════════════════════════════════════════════════════
2026-05-14 13:39:02:   CHiPS-RAG  –  Express UI Server
2026-05-14 13:39:02: ═══════════════════════════════════════════════════════════
2026-05-14 13:39:02:   UI      →  http://0.0.0.0:3002
2026-05-14 13:39:02:   Flask   →  http://localhost:5002  (proxied, JWT-guarded)
2026-05-14 13:39:02:   Mode    →  development
2026-05-14 13:39:02: ═══════════════════════════════════════════════════════════
2026-05-14 13:39:02: 
2026-05-14 13:41:01: 
2026-05-14 13:41:01: ═══════════════════════════════════════════════════════════
2026-05-14 13:41:01:   CHiPS-RAG  –  Express UI Server
2026-05-14 13:41:01: ═══════════════════════════════════════════════════════════
2026-05-14 13:41:01:   UI      →  http://0.0.0.0:3002
2026-05-14 13:41:01:   Flask   →  http://localhost:5002  (proxied, JWT-guarded)
2026-05-14 13:41:01:   Mode    →  development
2026-05-14 13:41:01: ═══════════════════════════════════════════════════════════
2026-05-14 13:41:01: 
2026-05-14 13:48:23: 
2026-05-14 13:48:23: ═══════════════════════════════════════════════════════════
2026-05-14 13:48:23:   CHiPS-RAG  –  Express UI Server
2026-05-14 13:48:23: ═══════════════════════════════════════════════════════════
2026-05-14 13:48:23:   UI      →  http://0.0.0.0:3002
2026-05-14 13:48:23:   Flask   →  http://localhost:5002  (proxied, JWT-guarded)
2026-05-14 13:48:23:   Mode    →  development
2026-05-14 13:48:23: ═══════════════════════════════════════════════════════════
2026-05-14 13:48:23: 
2026-05-14 13:53:04: 
2026-05-14 13:53:04: ═══════════════════════════════════════════════════════════
2026-05-14 13:53:04:   CHiPS-RAG  –  Express UI Server
2026-05-14 13:53:04: ═══════════════════════════════════════════════════════════
2026-05-14 13:53:04:   UI      →  http://0.0.0.0:3002
2026-05-14 13:53:04:   Flask   →  http://localhost:5002  (proxied, JWT-guarded)
2026-05-14 13:53:04:   Mode    →  development
2026-05-14 13:53:04: ═══════════════════════════════════════════════════════════
2026-05-14 13:53:04: 
2026-05-18 12:03:34: 
2026-05-18 12:03:34: ═══════════════════════════════════════════════════════════
2026-05-18 12:03:34:   CHiPS-RAG  –  Express UI Server
2026-05-18 12:03:34: ═══════════════════════════════════════════════════════════
2026-05-18 12:03:34:   UI      →  http://0.0.0.0:3002
2026-05-18 12:03:34:   Flask   →  http://localhost:5002  (proxied, JWT-guarded)
2026-05-18 12:03:34:   Mode    →  development
2026-05-18 12:03:34: ═══════════════════════════════════════════════════════════
2026-05-18 12:03:34: 
2026-05-18 12:04:14: [0mGET /health [32m200[0m 7.742 ms - 7420[0m
2026-05-18 12:04:14: [0mGET / [32m200[0m 1.851 ms - 7420[0m
2026-05-18 12:04:14: [0mGET /style.css [32m200[0m 3.789 ms - 17896[0m
2026-05-18 12:04:14: [0mGET /app.js [32m200[0m 3.844 ms - 18555[0m
2026-05-18 12:04:14: [0mGET /favicon.ico [32m200[0m 2.078 ms - 7420[0m
2026-05-18 12:05:13: 
2026-05-18 12:05:13: ═══════════════════════════════════════════════════════════
2026-05-18 12:05:13:   CHiPS-RAG  –  Express UI Server
2026-05-18 12:05:13: ═══════════════════════════════════════════════════════════
2026-05-18 12:05:13:   UI      →  http://0.0.0.0:3002
2026-05-18 12:05:13:   Flask   →  http://localhost:5002  (proxied, JWT-guarded)
2026-05-18 12:05:13:   Mode    →  development
2026-05-18 12:05:13: ═══════════════════════════════════════════════════════════
2026-05-18 12:05:13: 
2026-05-18 12:25:39: 
2026-05-18 12:25:39: ═══════════════════════════════════════════════════════════
2026-05-18 12:25:39:   CHiPS-RAG  –  Express UI Server
2026-05-18 12:25:39: ═══════════════════════════════════════════════════════════
2026-05-18 12:25:39:   UI      →  http://0.0.0.0:3002
2026-05-18 12:25:39:   Flask   →  http://localhost:5002  (proxied, JWT-guarded)
2026-05-18 12:25:39:   Mode    →  development
2026-05-18 12:25:39: ═══════════════════════════════════════════════════════════
2026-05-18 12:25:39: 
2026-05-18 12:27:39: 
2026-05-18 12:27:39: ═══════════════════════════════════════════════════════════
2026-05-18 12:27:39:   CHiPS-RAG  –  Express UI Server
2026-05-18 12:27:39: ═══════════════════════════════════════════════════════════
2026-05-18 12:27:39:   UI      →  http://0.0.0.0:3002
2026-05-18 12:27:39:   Flask   →  http://localhost:5002  (proxied, JWT-guarded)
2026-05-18 12:27:39:   Mode    →  development
2026-05-18 12:27:39: ═══════════════════════════════════════════════════════════
2026-05-18 12:27:39: 
2026-05-18 12:28:11: [0mGET /health [32m200[0m 5.984 ms - 7420[0m
2026-05-18 12:28:11: [0mGET / [36m304[0m 1.188 ms - -[0m
2026-05-18 12:28:11: [0mGET /style.css [36m304[0m 1.245 ms - -[0m
2026-05-18 12:28:11: [0mGET /app.js [36m304[0m 0.708 ms - -[0m
2026-05-18 12:30:14: [auth] Login successful: admin
2026-05-18 12:30:14: [0mPOST /auth/login [32m200[0m 98.727 ms - 232[0m
2026-05-18 12:30:14: [proxy] → GET http://localhost:5002/api/examples
2026-05-18 12:30:14: [proxy] → GET http://localhost:5002/api/health
2026-05-18 12:30:14: [0mGET /api/examples [31m502[0m 27.292 ms - 73[0m
2026-05-18 12:30:14: [0mGET /api/health [31m502[0m 10.248 ms - 73[0m
2026-05-18 12:30:16: [proxy] → POST http://localhost:5002/api/init
2026-05-18 12:30:16: [0mPOST /api/init [31m502[0m 4.278 ms - 73[0m
2026-05-18 12:45:28: [proxy] → POST http://localhost:5002/api/init
2026-05-18 12:45:28: [0mPOST /api/init [31m502[0m 3.272 ms - 73[0m
2026-05-18 12:45:28: [proxy] → POST http://localhost:5002/api/init
2026-05-18 12:45:28: [0mPOST /api/init [31m502[0m 3.974 ms - 73[0m
2026-05-18 12:45:28: [proxy] → POST http://localhost:5002/api/init
2026-05-18 12:45:28: [0mPOST /api/init [31m502[0m 4.859 ms - 73[0m
2026-05-18 12:45:29: [proxy] → POST http://localhost:5002/api/init
2026-05-18 12:45:29: [0mPOST /api/init [31m502[0m 6.256 ms - 73[0m
2026-05-18 12:45:29: [proxy] → POST http://localhost:5002/api/init
2026-05-18 12:45:29: [0mPOST /api/init [31m502[0m 4.279 ms - 73[0m
2026-05-18 12:45:29: [proxy] → POST http://localhost:5002/api/init
2026-05-18 12:45:29: [0mPOST /api/init [31m502[0m 6.041 ms - 73[0m
2026-05-18 12:45:29: [proxy] → POST http://localhost:5002/api/init
2026-05-18 12:45:29: [0mPOST /api/init [31m502[0m 5.266 ms - 73[0m
2026-05-18 12:45:29: [proxy] → POST http://localhost:5002/api/init
2026-05-18 12:45:29: [0mPOST /api/init [31m502[0m 4.643 ms - 73[0m
2026-05-18 12:45:30: [proxy] → POST http://localhost:5002/api/init
2026-05-18 12:45:30: [0mPOST /api/init [31m502[0m 3.809 ms - 73[0m
