2026-05-18 12:05:14: 
2026-05-18 12:05:14: ═══════════════════════════════════════════════════════════
2026-05-18 12:05:14:   CHiPS-RAG  –  Express UI Server
2026-05-18 12:05:14: ═══════════════════════════════════════════════════════════
2026-05-18 12:05:14:   UI      →  http://0.0.0.0:3003
2026-05-18 12:05:14:   Flask   →  http://localhost:5003  (proxied, JWT-guarded)
2026-05-18 12:05:14:   Mode    →  development
2026-05-18 12:05:14: ═══════════════════════════════════════════════════════════
2026-05-18 12:05:14: 
2026-05-18 12:05:32: [0mGET /health [32m200[0m 5.583 ms - 7420[0m
2026-05-18 12:05:32: [0mGET / [36m304[0m 1.167 ms - -[0m
2026-05-18 12:05:32: [0mGET /app.js [36m304[0m 2.097 ms - -[0m
2026-05-18 12:05:32: [0mGET /style.css [36m304[0m 0.816 ms - -[0m
2026-05-18 12:25:38: 
2026-05-18 12:25:38: ═══════════════════════════════════════════════════════════
2026-05-18 12:25:38:   CHiPS-RAG  –  Express UI Server
2026-05-18 12:25:38: ═══════════════════════════════════════════════════════════
2026-05-18 12:25:38:   UI      →  http://0.0.0.0:3003
2026-05-18 12:25:38:   Flask   →  http://localhost:5003  (proxied, JWT-guarded)
2026-05-18 12:25:38:   Mode    →  development
2026-05-18 12:25:38: ═══════════════════════════════════════════════════════════
2026-05-18 12:25:38: 
2026-05-18 12:27:39: 
2026-05-18 12:27:39: ═══════════════════════════════════════════════════════════
2026-05-18 12:27:39:   CHiPS-RAG  –  Express UI Server
2026-05-18 12:27:39: ═══════════════════════════════════════════════════════════
2026-05-18 12:27:39:   UI      →  http://0.0.0.0:3003
2026-05-18 12:27:39:   Flask   →  http://localhost:5003  (proxied, JWT-guarded)
2026-05-18 12:27:39:   Mode    →  development
2026-05-18 12:27:39: ═══════════════════════════════════════════════════════════
2026-05-18 12:27:39: 
2026-05-18 15:32:54: 
2026-05-18 15:32:54: ═══════════════════════════════════════════════════════════
2026-05-18 15:32:54:   CHiPS-RAG  –  Express UI Server
2026-05-18 15:32:54: ═══════════════════════════════════════════════════════════
2026-05-18 15:32:54:   UI      →  http://0.0.0.0:3003
2026-05-18 15:32:54:   Flask   →  http://localhost:5003  (proxied, JWT-guarded)
2026-05-18 15:32:54:   Mode    →  development
2026-05-18 15:32:54: ═══════════════════════════════════════════════════════════
2026-05-18 15:32:54: 
2026-05-18 15:33:05: 
2026-05-18 15:33:05: ═══════════════════════════════════════════════════════════
2026-05-18 15:33:05:   CHiPS-RAG  –  Express UI Server
2026-05-18 15:33:05: ═══════════════════════════════════════════════════════════
2026-05-18 15:33:05:   UI      →  http://0.0.0.0:3003
2026-05-18 15:33:05:   Flask   →  http://localhost:5003  (proxied, JWT-guarded)
2026-05-18 15:33:05:   Mode    →  development
2026-05-18 15:33:05: ═══════════════════════════════════════════════════════════
2026-05-18 15:33:05: 
2026-05-18 15:37:02: 
2026-05-18 15:37:02: ═══════════════════════════════════════════════════════════
2026-05-18 15:37:02:   CHiPS-RAG  –  Express UI Server
2026-05-18 15:37:02: ═══════════════════════════════════════════════════════════
2026-05-18 15:37:02:   UI      →  http://0.0.0.0:3003
2026-05-18 15:37:02:   Flask   →  http://localhost:5003  (proxied, JWT-guarded)
2026-05-18 15:37:02:   Mode    →  development
2026-05-18 15:37:02: ═══════════════════════════════════════════════════════════
2026-05-18 15:37:02: 
