2026-05-18 15:33:02: [Web UI] Found RAG module at: D:\Code\CRV2\FG-2\04_embeddings_and_kg\scripts\rag_pipeline.py
2026-05-18 15:33:09: [Web UI] Found RAG module at: D:\Code\CRV2\FG-2\04_embeddings_and_kg\scripts\rag_pipeline.py
2026-05-18 15:33:14: [Web UI] Found RAG module at: D:\Code\CRV2\FG-2\04_embeddings_and_kg\scripts\rag_pipeline.py
2026-05-18 15:33:26: [Web UI] Found RAG module at: D:\Code\CRV2\FG-2\04_embeddings_and_kg\scripts\rag_pipeline.py
2026-05-18 15:33:32: [Web UI] Found RAG module at: D:\Code\CRV2\FG-2\04_embeddings_and_kg\scripts\rag_pipeline.py
2026-05-18 15:37:06: [Web UI] Found RAG module at: D:\Code\CRV2\FG-2\04_embeddings_and_kg\scripts\rag_pipeline.py
2026-05-18 15:37:45: Loading embedding model...
2026-05-18 15:38:08: Loading reranker model...
2026-05-18 15:38:13: [Web UI] Found RAG module at: D:\Code\CRV2\FG-2\04_embeddings_and_kg\scripts\rag_pipeline.py
2026-05-18 15:39:26: Loading embedding model...
2026-05-18 15:39:41: Loading reranker model...
2026-05-18 15:39:49: [Web UI] Found RAG module at: D:\Code\CRV2\FG-2\04_embeddings_and_kg\scripts\rag_pipeline.py
2026-05-18 15:40:22: Loading embedding model...
2026-05-18 15:40:28: Loading reranker model...
2026-05-18 15:40:31: Warning: Could not import RAG pipeline: 'charmap' codec can't encode character '\u26a0' in position 0: character maps to <undefined>
2026-05-18 15:40:31: 
2026-05-18 15:40:31: ======================================================================
2026-05-18 15:40:35: [Web UI] Found RAG module at: D:\Code\CRV2\FG-2\04_embeddings_and_kg\scripts\rag_pipeline.py
2026-05-18 15:40:58: Loading embedding model...
2026-05-18 15:41:04: Loading reranker model...
2026-05-18 15:41:04: 
2026-05-18 15:41:07: Warning: Could not import RAG pipeline: 'charmap' codec can't encode character '\u26a0' in position 0: character maps to <undefined>
2026-05-18 15:41:07: 
2026-05-18 15:41:07: ======================================================================
2026-05-18 15:41:11: [Web UI] Found RAG module at: D:\Code\CRV2\FG-2\04_embeddings_and_kg\scripts\rag_pipeline.py
