2026-05-12 14:33:09: 
2026-05-12 14:33:09: ═══════════════════════════════════════════════════════════
2026-05-12 14:33:09:   CHiPS-RAG  –  Express UI Server
2026-05-12 14:33:09: ═══════════════════════════════════════════════════════════
2026-05-12 14:33:09:   UI      →  http://0.0.0.0:3002
2026-05-12 14:33:09:   Flask   →  http://localhost:5002  (proxied, JWT-guarded)
2026-05-12 14:33:09:   Mode    →  development
2026-05-12 14:33:09: ═══════════════════════════════════════════════════════════
2026-05-12 14:33:09: 
2026-05-12 14:34:10: [0mGET /health [32m200[0m 5.129 ms - 7420[0m
2026-05-12 14:34:10: [0mGET / [32m200[0m 2.227 ms - 7420[0m
2026-05-12 14:34:10: [0mGET /style.css [32m200[0m 2.039 ms - 17896[0m
2026-05-12 14:34:10: [0mGET /app.js [32m200[0m 2.537 ms - 18555[0m
2026-05-12 14:34:11: [0mPOST /auth/login [33m404[0m 0.991 ms - 150[0m
2026-05-12 14:34:25: [0mPOST /auth/login [33m404[0m 0.338 ms - 150[0m
2026-05-12 14:34:26: [0mPOST /auth/login [33m404[0m 0.314 ms - 150[0m
2026-05-12 14:34:27: [0mPOST /auth/login [33m404[0m 0.218 ms - 150[0m
2026-05-12 14:34:27: [0mPOST /auth/login [33m404[0m 0.343 ms - 150[0m
2026-05-12 14:34:28: [0mPOST /auth/login [33m404[0m 0.283 ms - 150[0m
2026-05-12 14:34:28: [0mPOST /auth/login [33m404[0m 0.302 ms - 150[0m
2026-05-12 14:34:28: [0mPOST /auth/login [33m404[0m 0.233 ms - 150[0m
2026-05-12 14:34:28: [0mPOST /auth/login [33m404[0m 0.239 ms - 150[0m
2026-05-12 14:34:38: [0mPOST /auth/login [33m404[0m 0.327 ms - 150[0m
2026-05-12 15:33:08: [0mGET /health [32m200[0m 4.123 ms - 7420[0m
2026-05-12 15:33:08: [0mGET / [36m304[0m 1.449 ms - -[0m
2026-05-12 15:33:08: [0mGET /app.js [36m304[0m 1.021 ms - -[0m
2026-05-12 15:33:08: [0mGET /style.css [36m304[0m 0.753 ms - -[0m
2026-05-12 16:53:29: 
2026-05-12 16:53:29: ═══════════════════════════════════════════════════════════
2026-05-12 16:53:29:   CHiPS-RAG  –  Express UI Server
2026-05-12 16:53:29: ═══════════════════════════════════════════════════════════
2026-05-12 16:53:29:   UI      →  http://0.0.0.0:3002
2026-05-12 16:53:29:   Flask   →  http://localhost:5002  (proxied, JWT-guarded)
2026-05-12 16:53:29:   Mode    →  development
2026-05-12 16:53:29: ═══════════════════════════════════════════════════════════
2026-05-12 16:53:29: 
2026-05-12 16:55:28: 
2026-05-12 16:55:28: ═══════════════════════════════════════════════════════════
2026-05-12 16:55:28:   CHiPS-RAG  –  Express UI Server
2026-05-12 16:55:28: ═══════════════════════════════════════════════════════════
2026-05-12 16:55:28:   UI      →  http://0.0.0.0:3002
2026-05-12 16:55:28:   Flask   →  http://localhost:5002  (proxied, JWT-guarded)
2026-05-12 16:55:28:   Mode    →  development
2026-05-12 16:55:28: ═══════════════════════════════════════════════════════════
2026-05-12 16:55:28: 
2026-05-12 16:56:42: 
2026-05-12 16:56:42: ═══════════════════════════════════════════════════════════
2026-05-12 16:56:42:   CHiPS-RAG  –  Express UI Server
2026-05-12 16:56:42: ═══════════════════════════════════════════════════════════
2026-05-12 16:56:42:   UI      →  http://0.0.0.0:3002
2026-05-12 16:56:42:   Flask   →  http://localhost:5002  (proxied, JWT-guarded)
2026-05-12 16:56:42:   Mode    →  development
2026-05-12 16:56:42: ═══════════════════════════════════════════════════════════
2026-05-12 16:56:42: 
2026-05-12 16:57:02: 
2026-05-12 16:57:02: ═══════════════════════════════════════════════════════════
2026-05-12 16:57:02:   CHiPS-RAG  –  Express UI Server
2026-05-12 16:57:02: ═══════════════════════════════════════════════════════════
2026-05-12 16:57:02:   UI      →  http://0.0.0.0:3002
2026-05-12 16:57:02:   Flask   →  http://localhost:5002  (proxied, JWT-guarded)
2026-05-12 16:57:02:   Mode    →  development
2026-05-12 16:57:02: ═══════════════════════════════════════════════════════════
2026-05-12 16:57:02: 
2026-05-14 13:19:09: 
2026-05-14 13:19:09: ═══════════════════════════════════════════════════════════
2026-05-14 13:19:09:   CHiPS-RAG  –  Express UI Server
2026-05-14 13:19:09: ═══════════════════════════════════════════════════════════
2026-05-14 13:19:09:   UI      →  http://0.0.0.0:3002
2026-05-14 13:19:09:   Flask   →  http://localhost:5002  (proxied, JWT-guarded)
2026-05-14 13:19:09:   Mode    →  development
2026-05-14 13:19:09: ═══════════════════════════════════════════════════════════
2026-05-14 13:19:09: 
2026-05-14 13:27:26: 
2026-05-14 13:27:26: ═══════════════════════════════════════════════════════════
2026-05-14 13:27:26:   CHiPS-RAG  –  Express UI Server
2026-05-14 13:27:26: ═══════════════════════════════════════════════════════════
2026-05-14 13:27:26:   UI      →  http://0.0.0.0:3002
2026-05-14 13:27:26:   Flask   →  http://localhost:5002  (proxied, JWT-guarded)
2026-05-14 13:27:26:   Mode    →  development
2026-05-14 13:27:26: ═══════════════════════════════════════════════════════════
2026-05-14 13:27:26: 
2026-05-14 13:37:23: 
2026-05-14 13:37:23: ═══════════════════════════════════════════════════════════
2026-05-14 13:37:23:   CHiPS-RAG  –  Express UI Server
2026-05-14 13:37:23: ═══════════════════════════════════════════════════════════
2026-05-14 13:37:23:   UI      →  http://0.0.0.0:3002
2026-05-14 13:37:23:   Flask   →  http://localhost:5002  (proxied, JWT-guarded)
2026-05-14 13:37:23:   Mode    →  development
2026-05-14 13:37:23: ═══════════════════════════════════════════════════════════
2026-05-14 13:37:23: 
2026-05-14 13:39:02: 
2026-05-14 13:39:02: ═══════════════════════════════════════════════════════════
2026-05-14 13:39:02:   CHiPS-RAG  –  Express UI Server
2026-05-14 13:39:02: ═══════════════════════════════════════════════════════════
2026-05-14 13:39:02:   UI      →  http://0.0.0.0:3002
2026-05-14 13:39:02:   Flask   →  http://localhost:5002  (proxied, JWT-guarded)
2026-05-14 13:39:02:   Mode    →  development
2026-05-14 13:39:02: ═══════════════════════════════════════════════════════════
2026-05-14 13:39:02: 
2026-05-14 13:41:01: 
2026-05-14 13:41:01: ═══════════════════════════════════════════════════════════
2026-05-14 13:41:01:   CHiPS-RAG  –  Express UI Server
2026-05-14 13:41:01: ═══════════════════════════════════════════════════════════
2026-05-14 13:41:01:   UI      →  http://0.0.0.0:3002
2026-05-14 13:41:01:   Flask   →  http://localhost:5002  (proxied, JWT-guarded)
2026-05-14 13:41:01:   Mode    →  development
2026-05-14 13:41:01: ═══════════════════════════════════════════════════════════
2026-05-14 13:41:01: 
2026-05-14 13:48:23: 
2026-05-14 13:48:23: ═══════════════════════════════════════════════════════════
2026-05-14 13:48:23:   CHiPS-RAG  –  Express UI Server
2026-05-14 13:48:23: ═══════════════════════════════════════════════════════════
2026-05-14 13:48:23:   UI      →  http://0.0.0.0:3002
2026-05-14 13:48:23:   Flask   →  http://localhost:5002  (proxied, JWT-guarded)
2026-05-14 13:48:23:   Mode    →  development
2026-05-14 13:48:23: ═══════════════════════════════════════════════════════════
2026-05-14 13:48:23: 
2026-05-14 13:53:04: 
2026-05-14 13:53:04: ═══════════════════════════════════════════════════════════
2026-05-14 13:53:04:   CHiPS-RAG  –  Express UI Server
2026-05-14 13:53:04: ═══════════════════════════════════════════════════════════
2026-05-14 13:53:04:   UI      →  http://0.0.0.0:3002
2026-05-14 13:53:04:   Flask   →  http://localhost:5002  (proxied, JWT-guarded)
2026-05-14 13:53:04:   Mode    →  development
2026-05-14 13:53:04: ═══════════════════════════════════════════════════════════
2026-05-14 13:53:04: 
